GET /api/coins/markets/query?ids=solana,bitcoin,monero 200 4.754 ms
GET /api/coins/markets 200 2.405 ms
GET /api/coins/markets 200 3.006 ms
POST /api/auth/signup 500 1.215 ms
GET /api/coins/markets 304 6.016 ms
POST /api/auth/signup 201 13.392 ms
GET /api/coins/markets 200 5.355 ms
POST /api/auth/signup 201 11.978 ms
POST /api/auth/login 401 0.723 ms
POST /api/auth/login 200 7.691 ms
GET /api/coins/markets 200 3.434 ms
GET /api/coins/markets 304 4.810 ms
POST /api/watchlists 401 3.336 ms
POST /api/watchlists 201 17.618 ms
GET /api/coins/markets 200 3.971 ms
GET /index.html 304 4.069 ms
GET /css/style.css 304 1.136 ms
GET /js/script.js 304 0.484 ms
GET /api/coins/markets 200 5.644 ms
GET /index.html 304 0.665 ms
GET /css/style.css 304 1.305 ms
GET /js/script.js 304 1.558 ms
GET /api/coins/markets 200 2.573 ms
GET /signup.html 200 1.503 ms
GET /css/style.css 304 0.671 ms
GET /css/login.css 304 0.802 ms
GET /js/signup.js 304 0.651 ms
GET /signup.html 304 0.532 ms
GET /css/style.css 304 0.628 ms
GET /css/login.css 304 0.717 ms
GET /js/signup.js 200 0.556 ms
POST /api/auth/signup 201 10.691 ms
GET /client.html 304 0.225 ms
GET /css/style.css 304 0.901 ms
GET /js/client.js 304 0.935 ms
GET /js/script.js 304 0.260 ms
GET /api/coins/markets 304 2.343 ms
GET /index.html 304 0.361 ms
GET /css/style.css 304 0.520 ms
GET /js/script.js 304 0.523 ms
GET /api/coins/markets 200 2.195 ms
GET /signup.html 304 0.257 ms
GET /css/style.css 304 0.343 ms
GET /css/login.css 304 0.355 ms
GET /js/signup.js 200 0.859 ms
POST /api/auth/signup 201 3.463 ms
GET /client.html 304 0.228 ms
GET /css/style.css 304 0.433 ms
GET /js/client.js 304 0.274 ms
GET /js/script.js 304 0.254 ms
GET /api/coins/markets 304 2.495 ms
GET /index.html 304 0.287 ms
GET /css/style.css 304 0.712 ms
GET /js/script.js 304 0.665 ms
GET /api/coins/markets 304 2.662 ms
GET /signup.html 304 0.285 ms
GET /css/style.css 304 1.395 ms
GET /css/login.css 304 1.165 ms
GET /js/signup.js 200 0.810 ms
POST /api/auth/signup 201 2.731 ms
GET /client.html 304 0.418 ms
GET /css/style.css 304 1.001 ms
GET /js/client.js 304 1.488 ms
GET /js/script.js 304 0.274 ms
GET /api/coins/markets 304 1.674 ms
POST /api/watchlists 201 8.471 ms
GET /index.html 304 0.299 ms
GET /css/style.css 304 0.897 ms
GET /js/script.js 304 0.622 ms
GET /api/coins/markets 304 1.576 ms
GET /api/coins/markets 200 2.530 ms
GET /index.html 304 0.284 ms
GET /css/style.css 304 0.432 ms
GET /js/script.js 304 0.602 ms
GET /api/coins/markets 304 1.637 ms
GET /signup.html 304 0.247 ms
GET /css/style.css 304 0.996 ms
GET /css/login.css 304 0.562 ms
GET /js/signup.js 304 0.416 ms
POST /api/auth/signup 201 2.071 ms
GET /client.html 304 0.290 ms
GET /css/style.css 304 0.586 ms
GET /js/client.js 200 0.802 ms
GET /js/script.js 304 0.260 ms
GET /api/coins/markets 304 2.171 ms
GET /index.html 304 0.266 ms
GET /css/style.css 304 0.272 ms
GET /js/script.js 304 0.342 ms
GET /api/coins/markets 304 1.929 ms
GET /signup.html 304 0.261 ms
GET /css/style.css 304 0.595 ms
GET /css/login.css 304 0.560 ms
GET /js/signup.js 200 0.587 ms
POST /api/auth/signup 201 1.755 ms
GET /client.html 304 0.223 ms
GET /css/style.css 304 0.464 ms
GET /js/client.js 304 0.620 ms
GET /js/script.js 304 0.249 ms
GET /api/coins/markets 304 2.475 ms
GET /api/coins/markets 304 2.164 ms
GET /index.html 304 0.230 ms
GET /css/style.css 304 0.342 ms
GET /js/script.js 304 0.268 ms
GET /api/coins/markets 304 2.302 ms
GET /signup.html 200 0.487 ms
GET /css/style.css 304 0.527 ms
GET /css/login.css 304 0.911 ms
GET /js/signup.js 200 0.913 ms
POST /api/auth/signup 201 2.031 ms
GET /client.html 304 0.261 ms
GET /css/style.css 304 0.623 ms
GET /js/client.js 304 0.623 ms
GET /js/script.js 304 0.278 ms
GET /api/coins/markets 304 1.573 ms
GET /css/style.css 304 0.278 ms
GET /api/coins/markets 200 2.206 ms
GET /signup.html 304 0.453 ms
GET /css/style.css 304 0.283 ms
GET /css/login.css 304 0.328 ms
GET /js/signup.js 200 1.167 ms
POST /api/auth/signup 201 2.715 ms
GET /client.html 304 0.260 ms
GET /css/style.css 304 0.301 ms
GET /js/client.js 304 0.176 ms
GET /js/script.js 304 0.257 ms
GET /api/coins/markets 304 1.755 ms
GET /index.html 304 0.269 ms
GET /css/style.css 304 0.705 ms
GET /js/script.js 304 0.914 ms
GET /api/coins/markets 304 1.953 ms
GET /signup.html 304 0.539 ms
GET /css/style.css 304 0.463 ms
GET /css/login.css 304 0.456 ms
GET /js/signup.js 200 0.620 ms
POST /api/auth/signup 201 2.612 ms
POST /api/auth/signup 201 12.873 ms
GET /index.html 304 1.949 ms
GET /css/style.css 304 1.124 ms
GET /js/script.js 304 0.690 ms
GET /api/coins/markets 200 3.602 ms
GET /signup.html 304 0.327 ms
GET /css/style.css 304 1.329 ms
GET /css/login.css 304 1.313 ms
GET /js/signup.js 200 1.430 ms
POST /api/auth/signup 201 3.247 ms
GET /client.html 304 0.484 ms
GET /css/style.css 304 0.566 ms
GET /js/client.js 304 0.258 ms
GET /js/script.js 304 0.302 ms
GET /api/coins/markets 304 1.701 ms
POST /api/watchlists 201 8.002 ms
GET /api/coins/markets 200 2.910 ms
GET /api/coins/markets 304 2.588 ms
GET /client.html 304 2.984 ms
GET /css/style.css 304 1.066 ms
GET /js/client.js 304 0.880 ms
GET /js/script.js 304 0.364 ms
GET /api/coins/markets 200 5.595 ms
GET /client.html 200 1.559 ms
GET /css/style.css 304 0.972 ms
GET /js/client.js 200 1.579 ms
GET /js/script.js 304 0.704 ms
GET /api/coins/markets 304 2.713 ms
GET /client.html 304 0.475 ms
GET /css/style.css 304 0.526 ms
GET /js/client.js 304 0.968 ms
GET /js/script.js 304 0.284 ms
GET /api/coins/markets 304 2.263 ms
POST /api/watchlists 403 3.542 ms
GET /index.html 304 0.321 ms
GET /css/style.css 304 0.741 ms
GET /js/script.js 304 1.095 ms
GET /api/coins/markets 304 2.155 ms
GET /signup.html 304 0.268 ms
GET /css/style.css 304 0.383 ms
GET /css/login.css 304 0.550 ms
GET /js/signup.js 304 0.355 ms
POST /api/auth/signup 201 12.147 ms
GET /client.html 304 0.248 ms
GET /css/style.css 304 0.765 ms
GET /js/client.js 304 0.518 ms
GET /js/script.js 304 0.226 ms
GET /api/coins/markets 304 1.886 ms
POST /api/watchlists 201 7.885 ms
POST /api/watchlists 201 3.018 ms
GET /api/coins/markets 200 2.903 ms
GET /client.html 200 1.159 ms
GET /css/style.css 304 0.490 ms
GET /js/client.js 200 0.779 ms
GET /js/script.js 304 0.270 ms
GET /api/coins/markets 304 2.212 ms
POST /api/watchlists 201 3.930 ms
POST /api/watchlists 201 3.352 ms
GET /api/coins/markets 200 2.958 ms
GET /api/coins/markets 304 2.980 ms
GET /api/coins/markets 200 6.441 ms
GET /api/watchlists 200 12.796 ms
GET /api/coins/markets 304 2.316 ms
GET /api/coins/markets 304 17.377 ms
GET /api/coins/markets 200 2.402 ms
GET /api/coins/markets 304 2.828 ms
GET /api/coins/markets 200 1.807 ms
GET /api/coins/markets 304 2.442 ms
GET /api/coins/markets 304 3.081 ms
GET /api/coins/markets 200 2.705 ms
GET /index.html 304 1.154 ms
GET /css/style.css 304 0.968 ms
GET /js/script.js 304 2.026 ms
GET /api/coins/markets 304 1.951 ms
GET /login.html 200 1.608 ms
GET /css/style.css 304 0.286 ms
GET /css/login.css 304 0.611 ms
GET /js/login.js 304 0.726 ms
GET /index.html 304 3.739 ms
GET /css/style.css 304 1.196 ms
GET /js/script.js 304 1.848 ms
GET /api/coins/markets 200 6.049 ms
GET /login.html 304 0.844 ms
GET /css/style.css 304 0.862 ms
GET /css/login.css 304 1.341 ms
GET /js/login.js 200 1.505 ms
GET /index.html 304 0.733 ms
GET /css/style.css 304 1.149 ms
GET /js/script.js 304 1.517 ms
GET /api/coins/markets 304 2.699 ms
GET /login.html 304 0.340 ms
GET /css/style.css 304 0.679 ms
GET /css/login.css 304 0.967 ms
GET /js/login.js 200 0.522 ms
POST /api/auth/login 200 6.215 ms
GET /client.html 200 0.607 ms
GET /css/style.css 304 0.512 ms
GET /js/client.js 200 1.130 ms
GET /js/script.js 304 0.299 ms
GET /api/coins/markets 304 2.647 ms
GET /index.html 304 0.287 ms
GET /css/style.css 304 0.564 ms
GET /js/script.js 304 1.052 ms
GET /api/coins/markets 304 2.237 ms
GET /login.html 304 0.260 ms
GET /css/style.css 304 0.611 ms
GET /css/login.css 304 0.553 ms
GET /js/login.js 304 0.229 ms
POST /api/auth/login 200 2.143 ms
GET /client.html 304 0.263 ms
GET /css/style.css 304 0.511 ms
GET /js/client.js 200 0.896 ms
GET /js/script.js 304 0.216 ms
GET /api/coins/markets 304 7.982 ms
GET /api/watchlists 200 11.332 ms
POST /api/watchlists 201 10.731 ms
GET /client.html 304 0.443 ms
GET /css/style.css 304 0.592 ms
GET /js/client.js 304 0.650 ms
GET /js/script.js 304 0.334 ms
GET /api/watchlists 200 4.277 ms
GET /api/coins/markets 304 4.725 ms
GET /index.html 304 0.287 ms
GET /css/style.css 304 0.517 ms
GET /js/script.js 304 0.535 ms
GET /api/coins/markets 304 1.722 ms
GET /login.html 304 0.282 ms
GET /css/style.css 304 0.687 ms
GET /css/login.css 304 0.332 ms
GET /js/login.js 304 0.297 ms
POST /api/auth/login 200 1.858 ms
GET /client.html 304 0.222 ms
GET /css/style.css 304 0.540 ms
GET /js/client.js 304 0.802 ms
GET /js/script.js 304 0.237 ms
GET /api/coins/markets 304 5.255 ms
GET /api/watchlists 304 6.073 ms
GET /index.html 304 2.779 ms
GET /css/style.css 304 1.878 ms
GET /js/script.js 304 1.110 ms
GET /api/coins/markets 200 4.949 ms
GET /login.html 304 0.333 ms
GET /css/style.css 304 0.791 ms
GET /css/login.css 304 1.170 ms
GET /js/login.js 304 0.412 ms
POST /api/auth/login 200 6.388 ms
GET /client.html 304 0.651 ms
GET /css/style.css 304 0.863 ms
GET /js/client.js 200 1.814 ms
GET /js/script.js 304 0.441 ms
GET /api/coins/markets 304 5.733 ms
GET /api/watchlists 304 10.699 ms
GET /api/watchlists 304 3.727 ms
POST /api/watchlists 201 10.209 ms
GET /client.html 304 0.431 ms
GET /css/style.css 304 0.815 ms
GET /js/client.js 304 0.727 ms
GET /js/script.js 304 0.301 ms
GET /api/coins/markets 304 5.079 ms
GET /api/watchlists 200 6.954 ms
GET /api/watchlists 304 4.514 ms
GET /index.html 304 3.102 ms
GET /css/style.css 304 1.380 ms
GET /js/script.js 304 0.666 ms
GET /api/coins/markets 200 5.216 ms
GET /login.html 304 0.316 ms
GET /css/style.css 304 1.421 ms
GET /css/login.css 304 0.938 ms
GET /js/login.js 304 0.406 ms
POST /api/auth/login 200 6.287 ms
GET /client.html 304 0.542 ms
GET /css/style.css 304 1.222 ms
GET /js/client.js 200 2.252 ms
GET /js/script.js 304 0.331 ms
GET /api/coins/markets 304 5.823 ms
GET /api/watchlists 304 11.540 ms
GET /client.html 200 0.722 ms
GET /css/style.css 304 0.581 ms
GET /js/client.js 304 0.647 ms
GET /js/script.js 304 0.284 ms
GET /api/coins/markets 304 5.045 ms
GET /api/watchlists 304 7.211 ms
GET /index.html 304 0.442 ms
GET /css/style.css 304 0.979 ms
GET /js/script.js 304 1.225 ms
GET /api/coins/markets 304 2.766 ms
GET /login.html 304 0.246 ms
GET /css/style.css 304 0.521 ms
GET /css/login.css 304 0.726 ms
GET /js/login.js 304 0.273 ms
POST /api/auth/login 200 2.412 ms
GET /client.html 304 0.293 ms
GET /css/style.css 304 0.793 ms
GET /js/client.js 304 1.025 ms
GET /js/script.js 304 0.292 ms
GET /api/coins/markets 304 3.257 ms
GET /api/watchlists 304 6.394 ms
GET /client.html 200 0.700 ms
GET /js/client.js 304 0.894 ms
GET /css/style.css 304 0.581 ms
GET /js/script.js 304 0.265 ms
GET /api/coins/markets 304 4.184 ms
GET /api/watchlists 304 6.595 ms
GET /client.html 304 0.346 ms
GET /js/client.js 304 0.379 ms
GET /css/style.css 200 1.068 ms
GET /js/script.js 304 0.269 ms
GET /api/coins/markets 304 3.034 ms
GET /api/watchlists 304 6.545 ms
GET /client.html 304 0.294 ms
GET /js/client.js 304 0.393 ms
GET /css/style.css 200 1.088 ms
GET /js/script.js 304 0.251 ms
GET /api/coins/markets 304 3.044 ms
GET /api/watchlists 304 6.250 ms
GET /client.html 304 0.708 ms
GET /css/style.css 200 0.818 ms
GET /js/client.js 304 0.476 ms
GET /js/script.js 304 0.384 ms
GET /api/coins/markets 304 3.689 ms
GET /api/watchlists 304 5.490 ms
GET /client.html 304 0.291 ms
GET /js/client.js 304 0.519 ms
GET /css/style.css 200 1.193 ms
GET /js/script.js 304 0.266 ms
GET /api/coins/markets 304 4.332 ms
GET /api/watchlists 304 6.328 ms
GET /client.html 304 0.281 ms
GET /css/style.css 200 1.190 ms
GET /js/client.js 304 0.461 ms
GET /js/script.js 304 0.292 ms
GET /api/coins/markets 304 2.983 ms
GET /api/watchlists 304 6.305 ms
GET /client.html 304 0.341 ms
GET /js/client.js 304 0.496 ms
GET /css/style.css 200 1.280 ms
GET /js/script.js 304 0.299 ms
GET /api/coins/markets 200 2.750 ms
GET /api/watchlists 304 6.378 ms
GET /client.html 304 0.361 ms
GET /js/client.js 304 0.454 ms
GET /css/style.css 200 1.623 ms
GET /js/script.js 304 0.228 ms
GET /api/coins/markets 304 3.873 ms
GET /api/watchlists 304 8.226 ms
GET /client.html 200 0.728 ms
GET /js/client.js 304 0.344 ms
GET /css/style.css 200 1.023 ms
GET /js/script.js 304 0.321 ms
GET /api/coins/markets 304 2.801 ms
GET /api/watchlists 304 5.863 ms
GET /client.html 304 0.382 ms
GET /js/client.js 304 0.359 ms
GET /css/style.css 200 0.952 ms
GET /js/script.js 304 0.247 ms
GET /api/coins/markets 304 4.464 ms
GET /api/watchlists 304 5.937 ms
GET /client.html 304 0.332 ms
GET /js/client.js 304 0.379 ms
GET /css/style.css 200 1.075 ms
GET /js/script.js 304 0.261 ms
GET /api/coins/markets 304 3.410 ms
GET /api/watchlists 304 4.688 ms
GET /index.html 304 0.237 ms
GET /css/style.css 304 0.723 ms
GET /js/script.js 304 1.173 ms
GET /api/coins/markets 304 1.749 ms
GET /login.html 304 0.300 ms
GET /css/style.css 304 0.933 ms
GET /css/login.css 304 0.691 ms
GET /js/login.js 304 0.243 ms
POST /api/auth/login 200 1.989 ms
GET /client.html 304 0.210 ms
GET /css/style.css 304 0.436 ms
GET /js/client.js 304 0.413 ms
GET /js/script.js 304 0.264 ms
GET /api/coins/markets 304 2.742 ms
GET /api/watchlists 200 4.824 ms
POST /api/watchlists 201 10.020 ms
GET /client.html 304 0.281 ms
GET /css/style.css 304 0.266 ms
GET /js/client.js 304 0.293 ms
GET /js/script.js 304 0.338 ms
GET /api/coins/markets 304 3.391 ms
GET /api/watchlists 200 5.947 ms
GET /client.html 200 0.606 ms
GET /css/style.css 304 0.533 ms
GET /js/client.js 304 0.832 ms
GET /js/script.js 304 0.286 ms
GET /api/coins/markets 304 2.550 ms
GET /api/watchlists 304 5.203 ms
GET /client.html 304 0.601 ms
GET /css/style.css 304 0.887 ms
GET /js/client.js 304 0.757 ms
GET /js/script.js 304 0.266 ms
GET /api/coins/markets 200 3.072 ms
GET /api/watchlists 304 5.114 ms
GET /index.html 200 0.598 ms
GET /css/style.css 304 0.765 ms
GET /js/script.js 304 0.999 ms
GET /api/coins/markets 304 1.952 ms
GET /login.html 304 0.268 ms
GET /css/style.css 304 0.260 ms
GET /css/login.css 304 0.272 ms
GET /js/login.js 304 0.265 ms
POST /api/auth/login 200 1.686 ms
GET /client.html 304 0.218 ms
GET /css/style.css 304 0.535 ms
GET /js/client.js 304 0.436 ms
GET /js/script.js 304 0.217 ms
GET /api/coins/markets 304 2.222 ms
GET /api/watchlists 304 4.869 ms
GET /css/style.css 304 0.288 ms
GET /login.html 304 0.247 ms
GET /css/style.css 304 0.662 ms
GET /css/login.css 304 1.024 ms
GET /js/login.js 304 0.368 ms
GET /css/style.css 304 0.483 ms
GET /css/login.css 304 0.493 ms
GET /login.html 304 0.248 ms
GET /css/style.css 304 0.608 ms
GET /css/login.css 304 0.700 ms
GET /js/login.js 304 0.290 ms
POST /api/auth/login 200 1.605 ms
GET /client.html 304 0.231 ms
GET /css/style.css 304 0.585 ms
GET /js/client.js 304 0.527 ms
GET /js/script.js 304 0.227 ms
GET /api/coins/markets 304 3.867 ms
GET /api/watchlists 304 6.686 ms
GET /css/style.css 304 0.216 ms
GET /client.html 304 0.279 ms
GET /css/style.css 304 0.321 ms
GET /js/client.js 200 0.982 ms
GET /js/script.js 304 0.354 ms
GET /api/coins/markets 304 2.657 ms
GET /api/watchlists 304 4.929 ms
GET /index.html 304 0.712 ms
GET /css/style.css 304 0.568 ms
GET /js/script.js 304 0.549 ms
GET /api/coins/markets 304 2.410 ms
GET /login.html 304 0.236 ms
GET /css/style.css 304 0.444 ms
GET /css/login.css 304 0.968 ms
GET /js/login.js 304 0.231 ms
POST /api/auth/login 200 1.707 ms
GET /client.html 304 0.252 ms
GET /css/style.css 304 0.617 ms
GET /js/client.js 304 0.483 ms
GET /js/script.js 304 0.322 ms
GET /api/coins/markets 304 2.568 ms
GET /api/watchlists 304 5.414 ms
GET /client.html 304 2.904 ms
GET /css/style.css 304 1.153 ms
GET /js/client.js 304 1.122 ms
GET /js/script.js 304 0.517 ms
GET /api/watchlists 403 6.254 ms
GET /api/coins/markets 200 9.893 ms
GET /index.html 304 0.430 ms
GET /css/style.css 304 1.791 ms
GET /js/script.js 304 1.735 ms
GET /api/coins/markets 304 2.770 ms
GET /login.html 304 2.559 ms
GET /css/style.css 304 0.666 ms
GET /css/login.css 304 0.558 ms
GET /js/login.js 304 0.373 ms
POST /api/auth/login 200 5.341 ms
GET /client.html 304 0.278 ms
GET /css/style.css 304 0.605 ms
GET /js/client.js 304 0.847 ms
GET /js/script.js 304 0.221 ms
GET /api/coins/markets 304 5.576 ms
GET /api/watchlists 200 9.030 ms
POST /api/watchlists 201 12.747 ms
GET /client.html 304 0.439 ms
GET /css/style.css 304 0.625 ms
GET /js/client.js 304 0.531 ms
GET /js/script.js 304 0.308 ms
GET /api/coins/markets 304 3.191 ms
GET /api/watchlists 200 6.520 ms
GET /api/coins/markets 304 2.865 ms
GET /api/coins/markets 200 2.713 ms
GET /api/watchlists 200 2.818 ms
POST /api/watchlists 401 0.239 ms
GET /api/coins/markets 200 6.397 ms
GET /api/coins/markets 304 1.947 ms
DELETE /api/watchlists/674eb55c884597eb65380dc6 401 3.025 ms
GET /client.html 304 2.870 ms
GET /css/style.css 304 1.718 ms
GET /js/client.js 304 1.457 ms
GET /js/script.js 304 0.344 ms
GET /api/coins/markets 200 8.862 ms
GET /api/watchlists 304 18.553 ms
DELETE /api/watchlists/674eb55c884597eb65380dc6 400 0.758 ms
DELETE /api/watchlists/674eb55c884597eb65380dc6 400 0.375 ms
DELETE /api/watchlists/674eb55c884597eb65380dc6 200 8.736 ms
GET /api/watchlists 200 4.071 ms
GET /api/coins/markets 304 2.418 ms
GET /client.html 304 0.605 ms
GET /css/style.css 304 0.724 ms
GET /js/client.js 304 0.858 ms
GET /js/script.js 304 0.413 ms
GET /api/coins/markets 304 4.077 ms
GET /api/watchlists 200 6.791 ms
GET /api/coins/markets 200 2.421 ms
GET /api/coins/markets 304 2.532 ms
GET /api/coins/markets 200 18.601 ms
GET /api/coins/markets 200 35.314 ms
GET /api/coins/markets 200 2.449 ms
GET /api/coins/markets 304 2.590 ms
GET /index.html 304 0.506 ms
GET /css/style.css 304 0.335 ms
GET /js/script.js 304 0.398 ms
GET /api/coins/markets 200 2.016 ms
GET /index.html 304 0.345 ms
GET /css/style.css 304 0.546 ms
GET /js/script.js 304 0.985 ms
GET /api/coins/markets 304 1.980 ms
GET /index.html 304 0.356 ms
GET /css/style.css 304 0.497 ms
GET /js/script.js 304 0.530 ms
GET /api/coins/markets 304 1.526 ms
GET /login.html 304 0.242 ms
GET /css/style.css 304 0.254 ms
GET /css/login.css 304 0.250 ms
GET /js/login.js 304 0.231 ms
POST /api/auth/login 200 2.809 ms
GET /client.html 304 0.219 ms
GET /css/style.css 304 0.312 ms
GET /js/client.js 200 1.356 ms
GET /js/script.js 304 0.233 ms
GET /api/coins/markets 304 2.794 ms
GET /api/watchlists 304 48.903 ms
POST /api/watchlists 201 10.644 ms
GET /api/watchlists 200 2.948 ms
GET /api/coins/markets 304 2.468 ms
GET /api/coins/markets 304 2.279 ms
GET /api/coins/markets 200 2.454 ms
GET /api/coins/markets 304 2.353 ms
POST /api/watchlists 201 4.472 ms
GET /api/watchlists 200 2.953 ms
GET /login.html 304 0.302 ms
GET /css/style.css 304 1.165 ms
GET /css/login.css 304 0.603 ms
GET /js/login.js 304 0.276 ms
GET /index.html 304 0.252 ms
GET /css/style.css 304 1.003 ms
GET /js/script.js 304 0.895 ms
GET /api/coins/markets 304 1.828 ms
GET /login.html 304 0.283 ms
GET /css/style.css 304 0.260 ms
GET /css/login.css 304 0.355 ms
GET /js/login.js 304 0.221 ms
POST /api/auth/login 200 1.938 ms
GET /client.html 304 0.244 ms
GET /css/style.css 304 0.408 ms
GET /js/client.js 200 0.993 ms
GET /js/script.js 304 0.212 ms
GET /api/coins/markets 304 2.959 ms
GET /api/watchlists 304 5.738 ms
GET /login.html 304 0.262 ms
GET /css/style.css 304 0.579 ms
GET /css/login.css 304 0.454 ms
GET /js/login.js 304 0.201 ms
GET /index.html 304 0.235 ms
GET /css/style.css 304 0.537 ms
GET /js/script.js 304 1.332 ms
GET /api/coins/markets 304 1.975 ms
GET /login.html 304 0.255 ms
GET /css/style.css 304 1.435 ms
GET /css/login.css 304 1.019 ms
GET /js/login.js 304 0.233 ms
POST /api/auth/login 200 1.667 ms
GET /client.html 304 0.220 ms
GET /css/style.css 304 0.532 ms
GET /js/client.js 304 0.491 ms
GET /js/script.js 304 0.206 ms
GET /api/coins/markets 304 2.407 ms
GET /api/watchlists 304 4.845 ms
POST /api/watchlists 201 2.815 ms
GET /api/watchlists 200 2.944 ms
GET /login.html 304 0.284 ms
GET /css/style.css 304 0.511 ms
GET /css/login.css 304 0.452 ms
GET /js/login.js 304 0.300 ms
GET /index.html 304 0.287 ms
GET /css/style.css 304 0.918 ms
GET /js/script.js 304 0.904 ms
GET /api/coins/markets 200 2.089 ms
GET /login.html 304 0.268 ms
GET /css/style.css 304 0.599 ms
GET /css/login.css 304 0.546 ms
GET /js/login.js 304 0.246 ms
POST /api/auth/login 200 1.608 ms
GET /client.html 304 0.208 ms
GET /css/style.css 304 0.547 ms
GET /js/client.js 200 0.879 ms
GET /js/script.js 304 0.186 ms
GET /api/coins/markets 304 2.593 ms
GET /api/watchlists 304 5.432 ms
GET /index.html 304 0.251 ms
GET /css/style.css 304 0.469 ms
GET /js/script.js 304 0.321 ms
GET /api/coins/markets 304 2.023 ms
GET /login.html 304 0.208 ms
GET /css/style.css 304 0.959 ms
GET /css/login.css 304 0.876 ms
GET /js/login.js 304 0.211 ms
POST /api/auth/login 200 1.705 ms
GET /client.html 304 0.204 ms
GET /css/style.css 304 0.754 ms
GET /js/client.js 200 0.795 ms
GET /js/script.js 304 0.185 ms
GET /api/coins/markets 304 2.832 ms
GET /api/watchlists 304 5.362 ms
GET /index.html 304 0.232 ms
GET /css/style.css 304 0.619 ms
GET /js/script.js 304 0.644 ms
GET /api/coins/markets 304 2.492 ms
GET /login.html 304 0.244 ms
GET /css/style.css 304 0.439 ms
GET /css/login.css 304 0.432 ms
GET /js/login.js 304 0.506 ms
POST /api/auth/login 200 1.567 ms
GET /client.html 304 0.206 ms
GET /css/style.css 304 0.599 ms
GET /js/client.js 304 0.441 ms
GET /js/script.js 304 0.199 ms
GET /api/coins/markets 304 3.440 ms
GET /api/watchlists 304 4.870 ms
POST /api/watchlists 201 2.845 ms
GET /api/watchlists 200 2.339 ms
GET /client.html 304 3.037 ms
GET /css/style.css 304 1.085 ms
GET /js/client.js 304 0.405 ms
GET /js/script.js 304 0.402 ms
GET /api/coins/markets 200 12.030 ms
GET /api/watchlists 304 17.900 ms
GET /api/coins/markets 200 2.877 ms
GET /api/coins/markets 200 6.918 ms
GET /api/coins/markets 304 3.070 ms
GET /api/coins/markets 200 2.623 ms
GET /index.html 304 1.313 ms
GET /js/script.js 304 0.656 ms
GET /css/style.css 200 3.526 ms
GET /api/coins/markets 304 2.163 ms
GET /login.html 304 0.327 ms
GET /css/style.css 304 1.347 ms
GET /css/login.css 304 0.407 ms
GET /js/login.js 304 0.419 ms
POST /api/auth/login 200 6.601 ms
GET /client.html 304 0.316 ms
GET /css/style.css 304 0.865 ms
GET /js/client.js 200 1.406 ms
GET /js/script.js 304 0.287 ms
GET /api/coins/markets 304 6.359 ms
GET /api/watchlists 304 12.578 ms
GET /index.html 304 0.323 ms
GET /css/style.css 304 0.586 ms
GET /js/script.js 304 0.788 ms
GET /api/coins/markets 304 2.730 ms
GET /login.html 304 0.323 ms
GET /css/style.css 304 1.443 ms
GET /css/login.css 304 1.368 ms
GET /js/login.js 304 0.236 ms
POST /api/auth/login 200 2.231 ms
GET /client.html 304 0.294 ms
GET /css/style.css 304 0.525 ms
GET /js/client.js 200 1.134 ms
GET /js/script.js 304 0.244 ms
GET /api/coins/markets 200 3.341 ms
GET /api/watchlists 304 5.842 ms
GET /api/coins/markets 304 2.614 ms
GET /index.html 304 0.315 ms
GET /css/style.css 304 0.501 ms
GET /js/script.js 304 0.508 ms
GET /api/coins/markets 304 2.666 ms
GET /index.html 304 0.297 ms
GET /css/style.css 304 0.545 ms
GET /js/script.js 304 0.557 ms
GET /api/coins/markets 304 2.379 ms
GET /login.html 304 0.252 ms
GET /css/style.css 304 0.309 ms
GET /css/login.css 304 0.342 ms
GET /js/login.js 304 0.483 ms
POST /api/auth/login 200 1.717 ms
GET /client.html 304 0.222 ms
GET /css/style.css 304 0.533 ms
GET /js/client.js 200 0.985 ms
GET /js/script.js 304 0.318 ms
GET /api/coins/markets 304 3.107 ms
GET /api/watchlists 304 6.070 ms
GET /index.html 304 0.297 ms
GET /css/style.css 304 0.546 ms
GET /js/script.js 304 0.812 ms
GET /api/coins/markets 304 2.039 ms
GET /login.html 304 0.238 ms
GET /css/style.css 304 0.474 ms
GET /css/login.css 304 0.474 ms
GET /js/login.js 304 0.237 ms
POST /api/auth/login 200 1.904 ms
GET /client.html 304 0.272 ms
GET /css/style.css 304 0.431 ms
GET /js/client.js 304 0.422 ms
GET /js/script.js 304 0.173 ms
GET /api/coins/markets 304 2.965 ms
GET /api/watchlists 304 5.712 ms
POST /api/watchlists 201 12.193 ms
GET /api/watchlists 200 3.326 ms
GET /index.html 304 0.250 ms
GET /js/script.js 304 0.863 ms
GET /css/style.css 304 0.733 ms
GET /api/coins/markets 304 1.952 ms
GET /login.html 304 0.237 ms
GET /css/style.css 304 0.266 ms
GET /css/login.css 304 0.315 ms
GET /js/login.js 304 0.258 ms
POST /api/auth/login 200 2.082 ms
GET /client.html 304 0.265 ms
GET /css/style.css 304 0.874 ms
GET /js/client.js 304 0.730 ms
GET /js/script.js 304 0.240 ms
GET /api/coins/markets 304 2.711 ms
GET /api/watchlists 200 6.034 ms
GET /client.html 304 0.363 ms
GET /css/style.css 304 0.492 ms
GET /js/client.js 200 0.743 ms
GET /js/script.js 304 0.306 ms
GET /api/coins/markets 304 4.487 ms
GET /api/watchlists 304 6.167 ms
GET /client.html 304 0.462 ms
GET /js/client.js 304 0.388 ms
GET /css/style.css 200 1.432 ms
GET /js/script.js 304 0.238 ms
GET /api/coins/markets 304 3.077 ms
GET /api/watchlists 304 5.542 ms
GET /client.html 304 0.391 ms
GET /js/client.js 304 0.388 ms
GET /css/style.css 200 1.025 ms
GET /js/script.js 304 0.250 ms
GET /api/coins/markets 304 3.236 ms
GET /api/watchlists 304 4.602 ms
GET /client.html 304 0.433 ms
GET /css/style.css 200 0.730 ms
GET /js/client.js 304 0.484 ms
GET /js/script.js 304 0.283 ms
GET /api/coins/markets 304 2.577 ms
GET /api/watchlists 304 5.592 ms
GET /client.html 304 0.327 ms
GET /js/client.js 304 0.734 ms
GET /css/style.css 200 1.688 ms
GET /js/script.js 304 0.323 ms
GET /api/coins/markets 304 3.153 ms
GET /api/watchlists 304 5.898 ms
POST /api/watchlists 201 3.932 ms
GET /api/watchlists 200 2.315 ms
GET /client.html 304 0.342 ms
GET /js/client.js 304 0.539 ms
GET /css/style.css 200 2.189 ms
GET /js/script.js 304 0.253 ms
GET /api/coins/markets 304 2.498 ms
GET /api/watchlists 304 4.769 ms
GET /client.html 304 0.315 ms
GET /js/client.js 304 0.368 ms
GET /css/style.css 200 1.079 ms
GET /js/script.js 304 0.576 ms
GET /api/coins/markets 304 2.623 ms
GET /api/watchlists 304 5.266 ms
GET /client.html 304 0.270 ms
GET /js/client.js 304 0.350 ms
GET /css/style.css 200 1.141 ms
GET /js/script.js 304 0.326 ms
GET /api/coins/markets 304 2.571 ms
GET /api/watchlists 304 5.405 ms
GET /client.html 304 0.276 ms
GET /js/client.js 304 0.372 ms
GET /css/style.css 200 1.057 ms
GET /js/script.js 304 0.245 ms
GET /api/coins/markets 200 2.727 ms
GET /api/watchlists 304 4.928 ms
GET /client.html 304 0.335 ms
GET /js/client.js 304 0.355 ms
GET /css/style.css 200 1.011 ms
GET /js/script.js 304 0.250 ms
GET /api/coins/markets 304 2.706 ms
GET /api/watchlists 304 5.154 ms
GET /client.html 304 0.704 ms
GET /js/client.js 304 0.439 ms
GET /css/style.css 200 1.162 ms
GET /js/script.js 304 0.276 ms
GET /api/coins/markets 304 2.494 ms
GET /api/watchlists 304 4.997 ms
GET /client.html 304 0.303 ms
GET /js/client.js 304 0.356 ms
GET /css/style.css 200 1.081 ms
GET /js/script.js 304 0.264 ms
GET /api/coins/markets 304 2.524 ms
GET /api/watchlists 304 5.385 ms
GET /client.html 304 0.290 ms
GET /js/client.js 304 0.363 ms
GET /css/style.css 200 1.005 ms
GET /js/script.js 304 0.271 ms
GET /api/coins/markets 304 3.588 ms
GET /api/watchlists 304 4.981 ms
GET /client.html 304 0.539 ms
GET /js/client.js 304 0.477 ms
GET /css/style.css 200 1.114 ms
GET /js/script.js 304 0.333 ms
GET /api/coins/markets 304 3.319 ms
GET /api/watchlists 304 7.019 ms
GET /client.html 304 0.327 ms
GET /js/client.js 304 0.464 ms
GET /css/style.css 200 1.182 ms
GET /js/script.js 304 0.275 ms
GET /api/coins/markets 304 2.909 ms
GET /api/watchlists 304 5.148 ms
GET /client.html 304 0.339 ms
GET /js/client.js 304 0.744 ms
GET /css/style.css 200 2.155 ms
GET /js/script.js 304 0.946 ms
GET /api/coins/markets 304 3.014 ms
GET /api/watchlists 304 4.517 ms
GET /client.html 304 0.251 ms
GET /js/client.js 304 0.392 ms
GET /css/style.css 200 1.515 ms
GET /js/script.js 304 0.288 ms
GET /api/coins/markets 304 3.371 ms
GET /api/watchlists 304 5.641 ms
GET /api/coins/markets 200 2.598 ms
GET /client.html 304 0.275 ms
GET /css/style.css 304 0.683 ms
GET /js/client.js 200 0.831 ms
GET /js/script.js 304 0.480 ms
GET /api/coins/markets 304 3.423 ms
GET /api/watchlists 304 6.583 ms
GET /client.html 304 0.308 ms
GET /css/style.css 304 0.471 ms
GET /js/client.js 304 0.476 ms
GET /js/script.js 304 0.274 ms
GET /api/coins/markets 304 2.319 ms
GET /api/watchlists 304 5.652 ms
GET /client.html 304 0.258 ms
GET /css/style.css 304 0.487 ms
GET /js/client.js 304 0.478 ms
GET /js/script.js 304 0.363 ms
GET /api/coins/markets 304 2.597 ms
GET /api/watchlists 304 5.246 ms
DELETE /api/watchlists/undefined 500 5.992 ms
GET /index.html 304 0.474 ms
GET /css/style.css 304 0.525 ms
GET /js/script.js 304 0.484 ms
GET /api/coins/markets 304 2.663 ms
GET /login.html 304 0.238 ms
GET /css/style.css 304 0.533 ms
GET /css/login.css 304 0.234 ms
GET /js/login.js 304 0.299 ms
POST /api/auth/login 200 1.635 ms
GET /client.html 304 0.313 ms
GET /css/style.css 304 0.434 ms
GET /js/client.js 304 0.532 ms
GET /js/script.js 304 0.194 ms
GET /api/coins/markets 304 2.552 ms
GET /api/watchlists 200 4.874 ms
GET /client.html 304 0.308 ms
GET /css/style.css 304 0.760 ms
GET /js/client.js 304 0.690 ms
GET /js/script.js 304 0.483 ms
GET /api/coins/markets 304 2.694 ms
GET /api/watchlists 304 7.799 ms
GET /index.html 304 0.275 ms
GET /css/style.css 304 0.481 ms
GET /js/script.js 304 0.644 ms
GET /api/coins/markets 304 2.711 ms
GET /login.html 304 0.274 ms
GET /css/style.css 304 0.590 ms
GET /css/login.css 304 0.488 ms
GET /js/login.js 304 0.222 ms
POST /api/auth/login 200 1.592 ms
GET /client.html 304 0.233 ms
GET /css/style.css 304 0.778 ms
GET /js/client.js 304 0.666 ms
GET /js/script.js 304 0.314 ms
GET /api/coins/markets 304 3.070 ms
GET /api/watchlists 200 5.520 ms
GET /api/coins/markets 200 2.809 ms
GET /api/coins/markets 200 5.912 ms
GET /index.html 304 3.599 ms
GET /js/script.js 304 1.239 ms
GET /css/style.css 304 1.224 ms
GET /api/coins/markets 304 4.415 ms
GET /login.html 304 0.345 ms
GET /css/style.css 304 1.545 ms
GET /css/login.css 304 1.804 ms
GET /js/login.js 304 0.452 ms
POST /api/auth/login 200 7.154 ms
GET /client.html 304 0.793 ms
GET /css/style.css 304 0.754 ms
GET /js/script.js 304 0.326 ms
GET /js/client.js 200 2.935 ms
GET /api/coins/markets 304 4.882 ms
GET /api/watchlists 200 11.306 ms
DELETE /api/watchlists/674db7fb94369ce771b5d02b 200 6.575 ms
DELETE /api/watchlists/674db6cd07722efaa6db8087 200 4.289 ms
GET /client.html 304 0.546 ms
GET /css/style.css 304 0.444 ms
GET /js/client.js 304 0.440 ms
GET /js/script.js 304 0.341 ms
GET /api/coins/markets 304 4.248 ms
GET /api/watchlists 200 6.873 ms
GET /index.html 304 0.304 ms
GET /css/style.css 304 0.558 ms
GET /js/script.js 304 0.685 ms
GET /api/coins/markets 304 2.376 ms
GET /login.html 304 0.278 ms
GET /css/style.css 304 0.863 ms
GET /css/login.css 304 0.803 ms
GET /js/login.js 304 0.249 ms
POST /api/auth/login 200 2.089 ms
GET /client.html 304 0.272 ms
GET /css/style.css 304 0.540 ms
GET /js/client.js 304 0.874 ms
GET /js/script.js 304 0.251 ms
GET /api/coins/markets 304 5.045 ms
GET /api/watchlists 200 6.901 ms
DELETE /api/watchlists/674d881e2b0bf8b26cd0ab1e 200 4.217 ms
POST /api/watchlists 201 10.188 ms
GET /api/watchlists 200 2.904 ms
GET /client.html 304 0.412 ms
GET /css/style.css 304 0.863 ms
GET /js/client.js 304 1.200 ms
GET /js/script.js 304 0.294 ms
GET /api/coins/markets 304 2.967 ms
GET /api/watchlists 304 5.526 ms
GET /index.html 304 1.143 ms
GET /css/style.css 304 0.564 ms
GET /js/script.js 304 0.745 ms
GET /api/coins/markets 304 1.573 ms
GET /login.html 304 0.258 ms
GET /css/style.css 304 0.580 ms
GET /css/login.css 304 0.548 ms
GET /js/login.js 304 0.272 ms
POST /api/auth/login 200 2.092 ms
GET /client.html 304 0.238 ms
GET /css/style.css 304 0.536 ms
GET /js/client.js 304 0.516 ms
GET /js/script.js 304 0.223 ms
GET /api/coins/markets 304 2.791 ms
GET /api/watchlists 200 6.147 ms
DELETE /api/watchlists/674da0baf1ac516820dcc7aa 200 4.048 ms
DELETE /api/watchlists/674ed39465d028dd656fa018 200 3.416 ms
GET /api/coins/markets 200 2.720 ms
GET /api/watchlists 403 7.652 ms
GET /api/markets 404 1.829 ms
GET /api/coins/markets 200 2.978 ms
GET /api/coins/markets/query?ids=monero 200 2.962 ms
POST /api/auth/signup 500 8.826 ms
POST /api/auth/signup 500 10.497 ms
GET /api/coins/markets 200 4.834 ms
POST /api/auth/signup 201 77.702 ms
POST /api/auth/login 200 68.683 ms
GET /client.html 304 1.819 ms
GET /css/style.css 304 0.508 ms
GET /js/client.js 304 0.366 ms
GET /js/script.js 304 0.345 ms
GET /api/watchlists 403 3.120 ms
GET /api/coins/markets 304 7.247 ms
GET /index.html 304 0.570 ms
GET /css/style.css 304 1.778 ms
GET /js/script.js 304 1.712 ms
GET /api/coins/markets 304 2.598 ms
GET /login.html 304 0.586 ms
GET /css/style.css 304 1.764 ms
GET /css/login.css 304 2.390 ms
GET /js/login.js 304 0.409 ms
GET /css/style.css 304 0.290 ms
GET /signup.html 304 0.311 ms
GET /css/style.css 304 0.619 ms
GET /css/login.css 304 0.952 ms
GET /js/signup.js 200 2.477 ms
GET /login.html 304 0.275 ms
GET /css/style.css 304 0.542 ms
GET /css/login.css 304 0.743 ms
GET /js/login.js 304 0.434 ms
POST /api/auth/login 200 64.650 ms
GET /client.html 304 0.331 ms
GET /css/style.css 304 0.245 ms
GET /js/client.js 304 0.196 ms
GET /js/script.js 304 0.220 ms
GET /api/coins/markets 304 4.533 ms
GET /api/watchlists 200 8.085 ms
POST /api/watchlists 201 7.005 ms
GET /api/watchlists 200 4.624 ms
POST /api/watchlists 201 3.523 ms
GET /api/watchlists 200 3.162 ms
DELETE /api/watchlists/6756b869c860e51167e578e7 200 9.200 ms
GET /client.html 304 0.429 ms
GET /css/style.css 304 0.686 ms
GET /js/client.js 304 0.651 ms
GET /js/script.js 304 0.242 ms
GET /api/coins/markets 304 4.101 ms
GET /api/watchlists 200 6.129 ms
GET /index.html 304 3.032 ms
GET /css/style.css 304 1.593 ms
GET /js/script.js 304 0.389 ms
GET /api/coins/markets 200 4.649 ms
PUT /api/auth/signup 404 1.120 ms
POST /api/auth/signup 400 2.677 ms
POST /api/auth/signup 409 78.076 ms
GET /api/coins/markets 200 3.160 ms
POST /api/auth/signup 409 72.685 ms
POST /api/auth/signup 400 1.328 ms
POST /api/auth/signup 400 0.654 ms
POST /api/auth/signup 400 0.594 ms
POST /api/auth/signup 201 88.597 ms
POST /api/auth/login 400 0.557 ms
POST /api/auth/login 404 71.698 ms
POST /api/auth/login 404 1.478 ms
POST /api/auth/login 200 67.407 ms
GET /api/coins/markets 304 2.491 ms
GET /api/coins/markets 200 6.869 ms
POST /api/auth/login 200 69.421 ms
POST /api/watchlists 409 4.522 ms
GET /api/coins/markets 304 2.751 ms
POST /api/watchlists 201 22.582 ms
POST /api/watchlists 409 5.232 ms
POST /api/watchlists 201 6.222 ms
POST /api/auth/login 200 67.651 ms
POST /api/watchlists 201 5.020 ms
POST /api/watchlists 409 3.468 ms
POST /api/watchlists 201 4.810 ms
GET /api/coins/markets 200 4.181 ms
GET /api/watchlists 401 0.770 ms
GET /api/watchlists 200 4.423 ms
GET /api/coins/markets 304 2.350 ms
GET /index.html 304 1.189 ms
GET /css/style.css 304 0.595 ms
GET /js/script.js 304 0.362 ms
GET /api/coins/markets 304 2.071 ms
POST /api/auth/signup 400 3.761 ms
GET /api/coins/markets 200 5.594 ms
POST /api/auth/signup 201 74.465 ms
POST /api/watchlists 201 10.876 ms
POST /api/watchlists 201 4.562 ms
POST /api/watchlists 201 5.093 ms
POST /api/watchlists 409 3.535 ms
GET /api/coins/markets 304 2.836 ms
PATCH /api/watchlists/675a97072287131c740ccaac 200 5.909 ms
GET /api/watchlists 200 14.454 ms
GET /index.html 304 1.348 ms
GET /css/style.css 304 0.749 ms
GET /js/script.js 304 0.368 ms
GET /api/coins/markets 200 2.400 ms
GET /login.html 304 0.326 ms
GET /css/style.css 304 0.383 ms
GET /css/login.css 304 0.448 ms
GET /js/login.js 304 1.195 ms
POST /api/auth/login 200 64.778 ms
GET /client.html 304 0.268 ms
GET /css/style.css 304 0.687 ms
GET /js/client.js 304 1.076 ms
GET /js/script.js 304 0.292 ms
GET /api/coins/markets 304 3.792 ms
GET /api/watchlists 200 5.535 ms
POST /api/watchlists 201 12.776 ms
GET /api/watchlists 200 3.900 ms
DELETE /api/watchlists/675a96f02287131c740ccaa4 200 4.753 ms
GET /api/coins/markets 304 2.775 ms
POST /api/watchlists 201 4.966 ms
GET /api/watchlists 200 3.443 ms
DELETE /api/watchlists/675a9a43ca531c3c0d5c1f0c 200 3.987 ms
GET /api/coins/markets 200 2.485 ms
GET /api/coins/markets 304 2.625 ms
POST /api/watchlists 201 4.345 ms
GET /api/watchlists 200 2.455 ms
DELETE /api/watchlists/675a9befca531c3c0d5c1fdc 200 3.348 ms
GET /api/coins/markets 304 2.284 ms
GET /api/coins/markets 200 1.577 ms
GET /client.html 304 0.449 ms
GET /css/style.css 304 0.549 ms
GET /js/client.js 200 1.885 ms
GET /js/script.js 304 0.357 ms
GET /api/coins/markets 304 1.760 ms
GET /index.html 304 0.344 ms
GET /css/style.css 304 1.259 ms
GET /js/script.js 304 1.288 ms
GET /api/coins/markets 304 2.018 ms
GET /login.html 304 0.273 ms
GET /css/style.css 304 0.504 ms
GET /css/login.css 304 0.850 ms
GET /js/login.js 304 0.465 ms
GET /index.html 304 0.335 ms
GET /css/style.css 304 0.660 ms
GET /js/script.js 304 0.709 ms
GET /api/coins/markets 304 2.055 ms
GET /signup.html 304 0.276 ms
GET /css/style.css 304 0.638 ms
GET /css/login.css 304 0.541 ms
GET /js/signup.js 304 0.301 ms
GET /index.html 304 0.327 ms
GET /css/style.css 304 0.525 ms
GET /js/script.js 304 0.525 ms
GET /api/coins/markets 304 1.900 ms
GET /login.html 304 0.319 ms
GET /css/style.css 304 0.271 ms
GET /css/login.css 304 0.276 ms
GET /js/login.js 304 0.280 ms
POST /api/auth/login 200 66.139 ms
GET /client.html 304 0.221 ms
GET /css/style.css 304 0.618 ms
GET /js/client.js 304 0.452 ms
GET /js/script.js 304 0.191 ms
GET /api/coins/markets 304 2.173 ms
GET /api/coins/markets 200 2.395 ms
GET /api/coins/markets 304 3.007 ms
GET /client.html 304 0.510 ms
GET /css/style.css 304 0.640 ms
GET /js/client.js 200 1.378 ms
GET /js/script.js 304 0.292 ms
GET /api/coins/markets 304 12.231 ms
GET /client.html 304 0.366 ms
GET /css/style.css 304 0.839 ms
GET /js/client.js 200 1.486 ms
GET /js/script.js 304 0.309 ms
GET /api/coins/markets 304 1.783 ms
GET /client.html 200 0.605 ms
GET /css/style.css 304 0.262 ms
GET /js/client.js 304 0.320 ms
GET /js/modules/watchlistActions.js 200 1.465 ms
GET /js/modules/messageHandler.js 200 1.713 ms
GET /api/watchlists 401 0.478 ms
GET /index.html 304 0.305 ms
GET /css/style.css 304 0.323 ms
GET /js/script.js 304 0.337 ms
GET /api/coins/markets 200 2.251 ms
GET /login.html 304 0.283 ms
GET /css/style.css 304 0.902 ms
GET /css/login.css 304 1.046 ms
GET /js/login.js 304 0.310 ms
POST /api/auth/login 200 68.010 ms
GET /client.html 304 0.227 ms
GET /css/style.css 304 0.240 ms
GET /js/client.js 304 0.198 ms
GET /js/modules/watchlistActions.js 304 0.446 ms
GET /js/modules/messageHandler.js 304 0.493 ms
GET /api/watchlists 401 0.309 ms
GET /client.html 200 0.965 ms
GET /css/style.css 304 0.634 ms
GET /js/client.js 200 1.131 ms
GET /js/script.js 304 0.326 ms
GET /api/coins/markets 304 3.695 ms
GET /api/watchlists 200 18.928 ms
DELETE /api/watchlists/675a97002287131c740ccaa8 200 3.655 ms
POST /api/watchlists 201 4.770 ms
GET /api/watchlists 200 2.661 ms
DELETE /api/watchlists/675aa728ca531c3c0d5c2242 200 2.973 ms
POST /api/watchlists 201 4.503 ms
GET /api/watchlists 200 2.961 ms
POST /api/watchlists 201 3.187 ms
GET /api/watchlists 200 2.875 ms
DELETE /api/watchlists/675aa77dca531c3c0d5c22b4 200 3.512 ms
GET /index.html 304 0.311 ms
GET /css/style.css 304 0.554 ms
GET /js/script.js 304 0.717 ms
GET /api/coins/markets 304 2.717 ms
GET /login.html 304 0.278 ms
GET /css/style.css 304 0.820 ms
GET /css/login.css 304 0.890 ms
GET /js/login.js 304 0.250 ms
POST /api/auth/login 200 67.189 ms
GET /client.html 304 0.259 ms
GET /css/style.css 304 0.489 ms
GET /js/client.js 304 0.527 ms
GET /js/script.js 304 0.183 ms
GET /api/coins/markets 304 3.187 ms
GET /api/watchlists 200 4.691 ms
GET /api/coins/markets 200 1.192 ms
GET /api/coins/markets 304 2.080 ms
GET /api/coins/markets 304 2.260 ms
GET /index.html 304 6.011 ms
GET /css/style.css 304 1.244 ms
GET /js/script.js 304 0.479 ms
GET /api/coins/markets 200 17.324 ms
GET /login.html 304 0.346 ms
GET /css/style.css 304 0.639 ms
GET /css/login.css 304 0.592 ms
GET /js/login.js 304 0.554 ms
POST /api/auth/login 200 73.071 ms
GET /client.html 304 0.582 ms
GET /css/style.css 304 0.947 ms
GET /js/client.js 304 0.952 ms
GET /js/script.js 304 0.290 ms
GET /api/coins/markets 304 9.246 ms
GET /api/watchlists 304 17.791 ms
POST /api/watchlists 201 29.165 ms
GET /api/watchlists 200 4.017 ms
DELETE /api/watchlists/675bd9f3ed888f40a9da1f19 200 8.509 ms
POST /api/watchlists 201 5.427 ms
GET /api/watchlists 200 4.275 ms
DELETE /api/watchlists/675bdad0ed888f40a9da1f85 200 3.635 ms
GET /client.html 304 0.381 ms
GET /css/style.css 304 0.602 ms
GET /js/client.js 200 2.075 ms
GET /js/script.js 304 0.361 ms
GET /api/coins/markets 304 3.569 ms
GET /api/watchlists 200 5.798 ms
POST /api/watchlists 201 4.303 ms
GET /api/watchlists 200 3.088 ms
DELETE /api/watchlists/675bdaf4ed888f40a9da1f8f 200 3.431 ms
GET /client.html 304 0.286 ms
GET /css/style.css 304 0.607 ms
GET /js/client.js 304 0.556 ms
GET /js/script.js 200 0.684 ms
GET /api/coins/markets 304 3.276 ms
GET /api/watchlists 200 5.158 ms
GET /client.html 304 0.291 ms
GET /css/style.css 304 0.416 ms
GET /js/client.js 304 0.421 ms
GET /js/script.js 200 0.486 ms
GET /api/coins/markets 304 2.727 ms
GET /api/watchlists 304 5.552 ms
GET /index.html 200 0.684 ms
GET /css/style.css 304 0.498 ms
GET /js/script.js 200 1.361 ms
GET /api/coins/markets 200 1.660 ms
GET /index.html 304 0.409 ms
GET /css/style.css 200 0.783 ms
GET /js/script.js 200 0.784 ms
GET /api/coins/markets 304 1.952 ms
GET /index.html 304 0.365 ms
GET /js/script.js 304 0.362 ms
GET /css/style.css 200 1.147 ms
GET /api/coins/markets 304 2.095 ms
GET /index.html 200 0.914 ms
GET /js/script.js 304 0.532 ms
GET /css/style.css 200 1.618 ms
GET /api/coins/markets 304 3.050 ms
GET /index.html 304 0.307 ms
GET /js/script.js 304 0.351 ms
GET /css/style.css 200 0.975 ms
GET /api/coins/markets 304 2.291 ms
GET /index.html 304 0.315 ms
GET /js/script.js 304 0.342 ms
GET /css/style.css 200 0.945 ms
GET /api/coins/markets 304 4.754 ms
GET /index.html 304 0.337 ms
GET /js/script.js 304 0.389 ms
GET /css/style.css 200 1.055 ms
GET /api/coins/markets 304 1.833 ms
GET /index.html 304 0.377 ms
GET /js/script.js 304 0.626 ms
GET /css/style.css 200 1.610 ms
GET /api/coins/markets 200 2.189 ms
GET /login.html 304 0.268 ms
GET /css/style.css 304 0.455 ms
GET /css/login.css 304 0.357 ms
GET /js/login.js 304 0.259 ms
POST /api/auth/login 200 67.923 ms
GET /client.html 304 0.213 ms
GET /css/style.css 304 0.284 ms
GET /js/client.js 304 0.309 ms
GET /js/script.js 304 0.350 ms
GET /api/coins/markets 304 3.628 ms
GET /api/watchlists 304 4.273 ms
POST /api/watchlists 201 4.243 ms
GET /api/watchlists 200 2.849 ms
DELETE /api/watchlists/675bdf8ded888f40a9da212e 200 3.315 ms
GET /index.html 304 0.275 ms
GET /css/style.css 304 0.565 ms
GET /js/script.js 304 1.017 ms
GET /api/coins/markets 304 2.625 ms
GET /index.html 304 0.457 ms
GET /js/script.js 304 0.376 ms
GET /css/style.css 200 1.017 ms
GET /api/coins/markets 304 2.919 ms
GET /index.html 200 0.625 ms
GET /css/style.css 304 0.542 ms
GET /js/script.js 304 0.547 ms
GET /api/coins/markets 304 3.350 ms
GET /index.html 200 0.645 ms
GET /css/style.css 304 0.486 ms
GET /js/script.js 304 0.586 ms
GET /api/coins/markets 304 1.978 ms
GET /login.html 304 0.260 ms
GET /css/style.css 304 0.754 ms
GET /css/login.css 304 0.907 ms
GET /js/login.js 304 0.299 ms
GET /css/style.css 304 0.249 ms
GET /index.html 304 3.070 ms
GET /css/style.css 304 1.033 ms
GET /js/script.js 304 0.938 ms
GET /api/coins/markets 200 20.383 ms
GET /login.html 304 0.777 ms
GET /css/style.css 304 0.764 ms
GET /css/login.css 304 0.597 ms
GET /js/login.js 304 0.532 ms
POST /api/auth/login 200 70.866 ms
GET /client.html 304 0.477 ms
GET /css/style.css 304 1.209 ms
GET /js/client.js 304 1.388 ms
GET /js/script.js 304 0.334 ms
GET /api/coins/markets 304 5.760 ms
GET /api/watchlists 200 8.964 ms
POST /api/watchlists 201 14.074 ms
GET /api/watchlists 200 4.195 ms
DELETE /api/watchlists/675c08f11bd485d1c606fb08 200 5.976 ms
GET /index.html 304 0.405 ms
GET /css/style.css 304 1.114 ms
GET /js/script.js 304 1.683 ms
GET /api/coins/markets 304 5.262 ms
GET /api/coins/markets 304 3.013 ms
GET /api/coins/markets 200 7.874 ms
GET /login.html 304 1.670 ms
GET /css/style.css 304 0.773 ms
GET /css/login.css 304 0.602 ms
GET /js/login.js 304 0.331 ms
POST /api/auth/login 200 66.875 ms
GET /client.html 304 0.215 ms
GET /css/style.css 304 1.036 ms
GET /js/client.js 304 1.134 ms
GET /js/script.js 304 0.543 ms
GET /api/coins/markets 304 7.324 ms
GET /api/watchlists 200 10.719 ms
POST /api/watchlists 201 13.599 ms
GET /api/watchlists 200 3.983 ms
GET /api/coins/markets 200 2.962 ms
DELETE /api/watchlists/675c0d4f5c1b2a70031b5460 200 5.996 ms
GET /api/coins/markets 304 3.125 ms
GET /api/coins/markets 200 2.737 ms
GET /api/coins/markets 304 2.715 ms
POST /api/auth/login 200 62.556 ms
GET /api/watchlists/ 200 2.913 ms
GET /api/watchlists/ 401 0.364 ms
GET /api/coins/markets 200 2.188 ms
GET /api/coins/markets 304 3.022 ms
GET /api/coins/markets 304 2.882 ms
GET /api/coins/markets 200 2.652 ms
GET /index.html 304 0.493 ms
GET /js/script.js 304 0.796 ms
GET /css/style.css 304 0.865 ms
GET /api/coins/markets 304 1.943 ms
GET /login.html 304 0.269 ms
GET /css/style.css 304 0.784 ms
GET /css/login.css 304 0.647 ms
GET /js/login.js 304 0.256 ms
POST /api/auth/login 404 1.650 ms
GET /api/coins/markets 200 7.237 ms
GET /api/coins/markets/monero 404 1.736 ms
GET /api/coins/markets 200 5.870 ms
GET /api/coins/markets?ids=monero,solana 200 2.311 ms
GET /api/coins/markets?ids=monero,solana 200 2.285 ms
GET /api/coins/markets/query?ids=monero,solana 200 2.115 ms
GET /api/coins/markets/query?ids=monero 200 5.478 ms
GET /api/coins/markets/query?ids=bitcoin,ethereum,solana 200 2.443 ms
GET /api/coins/markets/query?ids=bitcoin,monero,solana 200 6.013 ms
GET /api/coins/markets 200 3.500 ms
GET /api/coins/markets/query?ids=bitcoin,monero,solana 404 4.253 ms
GET /api/coins/markets?ids=bitcoin,monero,solana 200 4.651 ms
GET /api/coins/markets/query?ids=bitcoin,monero,solana 200 5.242 ms
GET /api/watchlists 403 7.680 ms
POST /api/auth/login 200 72.907 ms
GET /api/watchlists/ 401 0.840 ms
GET /api/watchlists/ 401 0.545 ms
GET /api/watchlists 401 0.496 ms
GET /api/watchlists 200 7.734 ms
GET /api/watchlists 401 0.586 ms
GET /api/watchlists/675aa759ca531c3c0d5c22ae/add-coins?ids=bitcoin,solana,monero 404 1.119 ms
PUT /api/watchlists/675aa759ca531c3c0d5c22ae/add-coins?ids=bitcoin,solana,monero 404 0.431 ms
GET /api/watchlists 200 4.046 ms
GET /api/coins/markets/query?ids=bitcoin,monero,solana 200 3.098 ms
GET /api/coins/markets 200 1.956 ms
POST /api/auth/login 200 69.698 ms
POST /api/auth/login 200 69.880 ms
POST /api/auth/login 200 68.893 ms
GET /api/watchlists 401 0.487 ms
GET /api/watchlists 200 4.109 ms
PUT /api/watchlists/675aa759ca531c3c0d5c22ae/add-coins?ids=bitcoin,solana,monero 404 0.242 ms
PUT /api/watchlists/675aa759ca531c3c0d5c22ae/add-coins?ids=bitcoin,solana,monero 500 5.921 ms
PUT /api/watchlists/675aa759ca531c3c0d5c22ae/add-coins?ids=bitcoin,solana,monero 500 6.398 ms
PUT /api/watchlists/675aa759ca531c3c0d5c22ae/add-coins?ids=bitcoin,solana,monero 200 13.876 ms
PUT /api/watchlists/675aa759ca531c3c0d5c22ae/add-coins?ids=bitcoin,solana,monero 200 9.423 ms
GET /api/watchlists 200 12.295 ms
GET /api/watchlists 200 4.134 ms
POST /api/auth/login 200 71.036 ms
GET /api/watchlists 200 14.792 ms
GET /api/coins/markets/query?ids=bitcoin,monero,solana 200 12.380 ms
PUT /api/watchlists/675aa759ca531c3c0d5c22ae/add-coins?ids=litecoin 200 6.797 ms
GET /index.html 304 1.037 ms
GET /css/style.css 304 0.813 ms
GET /js/script.js 304 0.482 ms
GET /api/coins/markets 200 2.346 ms
GET /api/coins/markets 304 3.105 ms
GET /api/coins/markets 200 2.744 ms
GET /api/watchlists/675aa759ca531c3c0d5c22ae 401 4.411 ms
GET /api/watchlists/675aa759ca531c3c0d5c22ae 403 1.782 ms
GET /api/watchlists/675aa759ca531c3c0d5c22ae 500 9.238 ms
GET /api/coins/markets 304 4.075 ms
GET /api/watchlists/675aa759ca531c3c0d5c22ae 200 9.950 ms
GET /api/watchlists 200 9.185 ms
GET /api/coins/markets 200 7.185 ms
GET /api/coins/markets 304 3.168 ms
GET /api/coins/markets 200 8.857 ms
POST /api/auth/login 200 68.951 ms
GET /api/watchlists 200 6.799 ms
GET /api/coins/markets 304 2.603 ms
GET /api/watchlists/675aa759ca531c3c0d5c22ae 200 3.699 ms
GET /api/coins/markets 200 13.288 ms
GET /api/coins/markets 304 2.424 ms
GET /api/coins/markets 200 1.928 ms
GET /api/watchlists 403 2.904 ms
POST /api/auth/login 200 73.698 ms
GET /api/watchlists 200 9.946 ms
GET /api/watchlists/675aa759ca531c3c0d5c22ae 401 1.013 ms
GET /api/watchlists/675aa759ca531c3c0d5c22ae 404 7.644 ms
GET /api/watchlists/675aa759ca531c3c0d5c22ae 404 3.670 ms
GET /api/watchlists/675aa759ca531c3c0d5c22ae 404 3.305 ms
GET /api/watchlists/675aa759ca531c3c0d5c22ae 401 0.434 ms
GET /api/coins/markets 304 3.381 ms
GET /api/watchlists/675aa759ca531c3c0d5c22ae 404 2.968 ms
GET /api/coins/markets 200 3.087 ms
GET /api/watchlists/675aa759ca531c3c0d5c22ae 404 13.317 ms
GET /api/watchlists/675aa759ca531c3c0d5c22ae 200 17.607 ms
GET /api/watchlists/675aa759ca531c3c0d5c22ae 200 13.791 ms
GET /api/coins/markets 200 3.614 ms
PUT /api/watchlists/675a988dca531c3c0d5c1ea0/add-coins?ids=monero 200 6.730 ms
PUT /api/watchlists/675a988dca531c3c0d5c1ea0/add-coins?ids=bitcoin,solana 200 10.363 ms
PUT /api/watchlists/675a988dca531c3c0d5c1ea0/add-coins?ids=dash,solana 404 7.452 ms
GET /api/coins/markets 304 4.244 ms
PUT /api/watchlists/675a988dca531c3c0d5c1ea0/add-coins?ids=dash,solana 200 8.973 ms
PUT /api/watchlists/675a988dca531c3c0d5c1ea0/add-coins?ids=litecoin,solana 200 4.628 ms
GET /api/watchlists/675a988dca531c3c0d5c1ea0 200 15.480 ms
GET /api/coins/markets 200 3.328 ms
GET /api/watchlists 403 4.476 ms
POST /api/auth/login 200 71.127 ms
GET /api/watchlists 200 4.873 ms
GET /api/coins/markets 200 2.667 ms
PUT /api/watchlists/675a988dca531c3c0d5c1ea0/add-coins?ids=ripple 200 4.308 ms
GET /api/watchlists/675a988dca531c3c0d5c1ea0 200 3.728 ms
PUT /api/watchlists/675a988dca531c3c0d5c1ea0/add-coins?ids=tether 200 2.626 ms
GET /api/watchlists 200 3.637 ms
GET /api/coins/markets 200 2.701 ms
GET /api/watchlists/675a988dca531c3c0d5c1ea0 200 5.731 ms
GET /api/watchlists/ 200 3.461 ms
GET /api/coins/markets 304 2.428 ms
GET /api/coins/markets 200 1.596 ms
PUT /api/watchlists/675a988dca531c3c0d5c1ea0/add-coins?ids=dogecoin 401 2.986 ms
POST /api/auth/login 200 73.931 ms
PUT /api/watchlists/675a988dca531c3c0d5c1ea0/add-coins?ids=dogecoin 401 0.395 ms
PUT /api/watchlists/675a988dca531c3c0d5c1ea0/add-coins?ids=dogecoin 401 0.322 ms
PUT /api/watchlists/675a988dca531c3c0d5c1ea0/add-coins?ids=dogecoin 401 0.287 ms
PUT /api/watchlists/675a988dca531c3c0d5c1ea0/add-coins?ids=dogecoin 401 0.367 ms
PUT /api/watchlists/675a988dca531c3c0d5c1ea0/add-coins?ids=dogecoin 401 2.594 ms
GET /api/coins/markets 304 4.583 ms
PUT /api/watchlists/675a988dca531c3c0d5c1ea0/add-coins?ids=dogecoin 401 3.290 ms
GET /api/watchlists/675a988dca531c3c0d5c1ea0 403 8.016 ms
GET /api/watchlists/675a988dca531c3c0d5c1ea0 200 11.981 ms
PUT /api/watchlists/675a988dca531c3c0d5c1ea0/add-coins?ids=dogecoin 401 0.382 ms
GET /api/coins/markets 200 2.932 ms
PUT /api/watchlists/675a988dca531c3c0d5c1ea0/add-coins?ids=dogecoin 401 3.254 ms
PUT /api/watchlists/675a988dca531c3c0d5c1ea0/add-coins?ids=dogecoin 401 0.735 ms
GET /api/coins/markets 304 4.384 ms
GET /api/watchlists/675a988dca531c3c0d5c1ea0 200 13.190 ms
GET /api/watchlists/675a988dca531c3c0d5c1ea0 200 17.072 ms
GET /api/coins/markets 200 3.331 ms
GET /api/coins/markets 304 5.876 ms
PATCH /api/watchlists/675a988dca531c3c0d5c1ea0/add-coins?ids=dogecoin 401 1.143 ms
PATCH /api/watchlists/675a988dca531c3c0d5c1ea0/add-coins?ids=dogecoin 401 0.459 ms
PATCH /api/watchlists/675a988dca531c3c0d5c1ea0/add-coins?ids=dogecoin 401 0.238 ms
PATCH /api/watchlists/675a988dca531c3c0d5c1ea0/add-coins?ids=dogecoin 401 0.294 ms
PATCH /api/watchlists/675a988dca531c3c0d5c1ea0/add-coins?ids=dogecoin 401 0.344 ms
PATCH /api/watchlists/675a988dca531c3c0d5c1ea0/add-coins?ids=dogecoin 200 14.177 ms
PUT /api/watchlists/675a988dca531c3c0d5c1ea0/add-coins?ids=cardano 200 14.199 ms
PUT /api/watchlists/675a988dca531c3c0d5c1ea0/add-coins?ids=tron 404 12.484 ms
PUT /api/watchlists/675a988dca531c3c0d5c1ea0/add-coins?ids=tron 200 13.419 ms
GET /api/coins/markets 200 3.719 ms
PATCH /api/watchlists/675a988dca531c3c0d5c1ea0/add-coins?ids=shiba-inu 200 14.928 ms
GET /api/coins/markets 304 6.624 ms
GET /api/watchlists/675a988dca531c3c0d5c1ea0 200 12.546 ms
GET /api/watchlists 200 5.479 ms
GET /api/coins/markets 200 4.717 ms
GET /api/coins/markets/query?ids=bitcoin,monero,solana 200 2.975 ms
GET /api/coins/markets 200 3.177 ms
GET /api 404 1.989 ms
GET /api/coins/markets 304 1.700 ms
GET /api/coins/markets 200 2.554 ms
GET /api 200 4.496 ms
GET /api/coins/markets 200 4.364 ms
GET /api/coins/markets/query?ids=bitcoin,monero,litecoin 200 2.148 ms
POST /api/auth/login 200 78.848 ms
GET /api/watchlists/ 200 12.686 ms
GET /api/coins/markets 200 4.136 ms
POST /api/watchlists 201 14.940 ms
GET /api/watchlists/ 200 4.301 ms
GET /api/coins/markets 304 7.224 ms
PATCH /api/watchlists/676524f548d6795b15d00573 200 12.116 ms
GET /api/watchlists/ 200 7.670 ms
DELETE /api/watchlists/676524f548d6795b15d00573 200 15.712 ms
GET /api/watchlists/ 200 6.476 ms
GET /api/coins/markets 200 7.174 ms
GET /api/watchlists/675aa759ca531c3c0d5c22ae 401 4.518 ms
GET /api/watchlists/675aa759ca531c3c0d5c22ae 200 12.216 ms
GET /api/coins/markets 304 23.954 ms
GET /api/coins/markets 200 76.705 ms
GET /api/coins/markets 200 28.872 ms
GET /api/coins/markets 200 6.462 ms
GET /api/coins/markets 304 3.971 ms
GET /api/coins/markets 304 2.162 ms
GET /api/coins/markets 200 2.754 ms
GET /api/coins/markets 304 2.918 ms
GET /api/coins/markets 200 2.920 ms
GET /api/coins/markets 304 2.052 ms
POST /api/auth/login 200 73.672 ms
GET /api/coins/markets 200 6.161 ms
PATCH /api/watchlists/675a988dca531c3c0d5c1ea0/add-coins?ids=dogecoin 403 3.419 ms
GET /api/watchlists/ 403 1.316 ms
GET /api/watchlists/ 200 6.513 ms
PATCH /api/watchlists/675a988dca531c3c0d5c1ea0/remove-coins?ids=dogecoin 200 8.328 ms
PATCH /api/watchlists/675a988dca531c3c0d5c1ea0/remove-coins?ids=ripple,cardano 200 15.339 ms
PATCH /api/watchlists/675a988dca531c3c0d5c1ea0/remove-coins?ids= 400 9.125 ms
PATCH /api/watchlists/675a988dca531c3c0d5c1ea0/remove-coins?ids=shiba-ino 200 7.991 ms
GET /api/coins/markets 200 4.005 ms
PATCH /api/watchlists/675a988dca531c3c0d5c1ea0/remove-coins?ids=tether 200 4.947 ms
PATCH /api/watchlists/675a988dca531c3c0d5c1ea0/remove-coins?ids=shiba-inu 200 14.413 ms
POST /api/auth/login 200 68.653 ms
GET /api/watchlists/ 200 11.351 ms
GET /api/coins/markets 200 4.929 ms
PUT /api/watchlists 405 1.123 ms
GET /api/coins/markets 200 5.246 ms
PUT /api/watchlists 405 0.203 ms
GET /api/watchlists 403 3.133 ms
GET /api/watchlists 200 11.138 ms
GET /api/coins/markets 200 6.818 ms
GET /api/coins/markets 200 2.375 ms
GET /api/coins/markets/query?ids=bitcoin,monero,litecoin 200 2.454 ms
GET /api/coins/markets 200 1.847 ms
GET /api/coins/markets 304 2.658 ms
GET /api/coins/markets/query?ids=bitcoin,monero,litecoin 200 5.454 ms
GET /api/coins/markets 200 3.120 ms
GET /api/coins/markets 200 5.854 ms
GET /api/coins/markets 304 3.006 ms
GET /api/coins/markets 200 3.018 ms
GET /api/coins/markets 200 6.093 ms
GET /api/coins/markets/query?ids=bitcoin,monero,litecoin 200 2.497 ms
GET /api/coins/markets 304 3.577 ms
GET /api/coins/markets 200 7.029 ms
POST /api/auth/login 200 86.115 ms
GET /api/watchlists 200 17.710 ms
GET /api/watchlists/675a988dca531c3c0d5c1ea0 403 2.157 ms
GET /api/watchlists/675a988dca531c3c0d5c1ea0 200 9.420 ms
GET /api/coins/markets 304 1.985 ms
PATCH /api/watchlists/675a988dca531c3c0d5c1ea0/add-coins?ids=dogecoin 200 8.664 ms
PATCH /api/watchlists/675a988dca531c3c0d5c1ea0/add-coins?ids=shiba-inu 200 4.575 ms
GET /api/watchlists/675a988dca531c3c0d5c1ea0 200 5.076 ms
PATCH /api/watchlists/675a988dca531c3c0d5c1ea0/remove-coins?ids=shiba-inu 403 1.013 ms
PATCH /api/watchlists/675a988dca531c3c0d5c1ea0/remove-coins?ids=shiba-inu 200 8.337 ms
GET /api/coins/markets/query?ids=bitcoin,monero,litecoin 200 5.524 ms
GET /api/coins/markets 200 8.568 ms
GET /api/coins/markets 304 3.160 ms
GET /api/coins/markets 200 7.091 ms
GET /api/coins/markets 304 7.007 ms
GET /api/coins/markets 200 3.245 ms
POST /api/auth/login 200 67.554 ms
GET /api/watchlists 200 8.109 ms
GET /api/watchlists/675a988dca531c3c0d5c1ea0 403 1.984 ms
GET /api/watchlists/675a988dca531c3c0d5c1ea0 200 5.137 ms
GET /api/coins/markets 304 3.304 ms
PATCH /api/watchlists/675a988dca531c3c0d5c1ea0/add-coins?ids=ripple 200 7.993 ms
PATCH /api/watchlists/675a988dca531c3c0d5c1ea0/remove-coins?ids=ripple 200 4.701 ms
GET /api/watchlists/ 403 2.754 ms
GET /api/watchlists/ 200 3.218 ms
GET /api/coins/markets 304 2.964 ms
GET /api/coins/markets 200 2.812 ms
GET /api/coins/markets 304 2.949 ms
GET /api/coins/markets 200 8.485 ms
GET /api/coins/markets 200 1.995 ms
GET /api/coins/markets 304 2.795 ms
GET /api/coins/markets 200 2.409 ms
GET /api/coins/markets 304 2.924 ms
GET /api/coins/markets 200 4.825 ms
GET /api/coins/markets 304 3.058 ms
GET /api/coins/markets 200 3.062 ms
GET /api/coins/markets/query?ids=bitcoin,monero,litecoin 200 5.212 ms
GET /api/coins/markets/query?ids=bitcoin,monero,solana 200 5.730 ms
GET /api/coins/markets 200 70.990 ms
GET /api/coins/markets 200 16.241 ms
GET /api/coins/markets 304 14.747 ms
GET /api/coins/markets 200 13.477 ms
GET /api/coins/markets/monero,solana 404 1.827 ms
GET /api/coins/markets/:monero,solana 404 0.677 ms
GET /api/coins/markets/monero,solana 404 3.468 ms
GET /api/coins/markets/monero 404 0.827 ms
GET /api/coins/markets/monero 200 4.739 ms
GET /api/coins/markets/monero,solana 200 10.249 ms
GET /api/coins/markets 304 17.463 ms
GET /api/coins/markets/monero,solana 200 9.843 ms
GET /api/coins/markets 200 15.670 ms
GET /api/coins/markets 200 5.802 ms
GET /api/coins/markets/query?ids=bitcoin,monero,solana 200 1.927 ms
GET /api/coins/markets/monero,solana,dogecoin 200 15.221 ms
GET /api/coins/markets 200 9.648 ms
GET /api/coins/markets/query?ids=bitcoin,monero,solana 200 6.228 ms
GET /api/coins/markets/monero,solana,dogecoin 200 1.875 ms
GET /api/coins/markets 200 2.602 ms
GET /api/coins/markets 304 5.522 ms
GET /api/coins/markets 200 4.896 ms
POST /api/auth/signup 201 93.375 ms
POST /api/auth/login 200 70.268 ms
GET /api/coins/markets 304 5.625 ms
GET /api/coins/markets 200 2.444 ms
GET /api/coins/markets 304 7.567 ms
POST /api/auth/signup 409 77.358 ms
POST /api/auth/signup 201 70.477 ms
POST /api/auth/login 401 4.107 ms
POST /api/auth/login 401 66.119 ms
POST /api/auth/login 200 66.130 ms
GET /api/coins/markets 200 2.936 ms
GET /api/coins/markets 200 8.126 ms
POST /api/auth/login 200 70.838 ms
GET /api/coins/markets 200 5.223 ms
GET /api/coins/markets 304 2.712 ms
GET /api/coins/markets 304 6.444 ms
GET /api/coins/markets 200 10.710 ms
GET /api/coins/markets/query?ids=bitcoin,monero,solana 200 1.947 ms
GET /api/coins/markets/monero,solana,dogecoin 200 2.998 ms
POST /api/auth/login 200 76.870 ms
GET /api/watchlists 200 19.106 ms
POST /api/auth/login 200 76.408 ms
GET /api/watchlists 404 13.399 ms
POST /api/watchlists 201 18.325 ms
GET /api/watchlists 200 3.414 ms
GET /api/coins/markets/query?ids=bitcoin,monero,solana 200 5.311 ms
POST /api/watchlists 201 20.893 ms
GET /api/watchlists 200 4.865 ms
DELETE /api/watchlists/676d5618f5de122396f590a7 401 2.196 ms
DELETE /api/watchlists/676d5618f5de122396f590a7 200 7.843 ms
GET /api/watchlists 200 3.241 ms
POST /api/watchlists 201 5.630 ms
GET /api/watchlists 200 2.907 ms
PATCH /api/watchlists/ 404 2.464 ms
DELETE /api/watchlists 404 0.581 ms
POST /api/watchlists 400 7.896 ms
GET /api/watchlists 200 13.308 ms
POST /api/watchlists 201 18.329 ms
PATCH /api/watchlists/ 404 1.308 ms
PATCH /api/watchlists/ 404 0.510 ms
PATCH /api/watchlists/ 404 0.392 ms
PATCH /api/watchlists/ 404 0.365 ms
PATCH /api/watchlists/ 404 0.390 ms
PATCH /api/watchlists/ 404 0.361 ms
PATCH /api/watchlists/ 404 2.548 ms
PATCH /api/watchlists/ 404 0.508 ms
PATCH /api/watchlists/ 404 0.401 ms
PATCH /api/watchlists/nh 401 4.834 ms
POST /api/auth/login 200 68.012 ms
GET /api/watchlists 200 12.119 ms
PATCH /api/watchlists 404 0.287 ms
PATCH /api/watchlists/:npx 400 1.720 ms
PATCH /api/watchlists/:npx 500 6.928 ms
PATCH /api/watchlists/: 500 2.462 ms
PATCH /api/watchlists/: 500 2.390 ms
PATCH /api/watchlists/ 404 0.294 ms
PATCH /api/watchlists/ 404 2.035 ms
PATCH /api/watchlists/ 404 0.491 ms
PATCH /api/watchlists/ 404 0.272 ms
PATCH /api/watchlists/ 404 0.218 ms
PATCH /api/watchlists/ 404 0.200 ms
PATCH /api/watchlists/ 400 14.842 ms
PATCH /api/watchlists/sdkjfhdskjfh 500 6.551 ms
PATCH /api/watchlists/ 400 19.265 ms
PATCH /api/watchlists/djfhsdjkghff 500 5.068 ms
PATCH /api/watchlists/djfhsdjkghff 500 11.150 ms
PATCH /api/watchlists/djfhsdjkghff 500 18.626 ms
PATCH /api/watchlists/676d5aea7cfee3076fffbcdd 500 34.621 ms
PATCH /api/watchlists/676d5aea7cfee3076fffbcdd 200 31.774 ms
GET /api/watchlists 200 6.167 ms
PATCH /api/watchlists/676d5aea7cfee3076fffbcd 500 4.545 ms
PATCH /api/watchlists/676d5aea7cfee3076fffbcd 400 18.166 ms
PATCH /api/watchlists/ 400 2.752 ms
PATCH /api/watchlists/bvmnvnvmn 400 3.293 ms
PATCH /api/watchlists/676d5aea7cfee3076fffbcdd 200 17.926 ms
DELETE /api/watchlists 404 2.346 ms
DELETE /api/watchlists 404 0.528 ms
POST /api/auth/login 200 68.268 ms
DELETE /api/watchlists 404 0.329 ms
DELETE /api/watchlists 400 8.512 ms
DELETE /api/watchlists/uiyiuy 404 2.262 ms
GET /api/watchlists 401 2.499 ms
GET /api/watchlists 200 7.379 ms
DELETE /api/watchlists/676d5aea7cfee3076fffbcdd 200 4.304 ms
GET /api/watchlists 200 3.776 ms
PATCH /api/watchlists/676d5aea7cfee3076fffbcdd 401 0.850 ms
POST /api/auth/login 200 70.044 ms
GET /api/watchlists/ 200 8.244 ms
GET /api/watchlists/676d50f945cd32fa239b36cc 200 16.503 ms
GET /api/watchlists/676d50f945cd32fa239b36cc 401 7.235 ms
POST /api/auth/login 200 70.752 ms
GET /api/watchlists 200 9.875 ms
GET /api/watchlists/676d50f945cd32fa239b36cc 200 7.276 ms
POST /api/watchlists/676d50f945cd32fa239b36cc 404 0.796 ms
POST /api/watchlists/676d50f945cd32fa239b36cc/add-coins 200 10.320 ms
POST /api/watchlists/676d50f945cd32fa239b36cc/add-coins 200 14.231 ms
POST /api/watchlists/676d50f945cd32fa239b36cc/add-coins 200 6.544 ms
GET /api/watchlists/ 200 5.247 ms
POST /api/watchlists/676d50f945cd32fa239b36cc/add-coins 200 4.525 ms
GET /api/watchlists/676d50f945cd32fa239b36cc 200 6.839 ms
POST /api/watchlists/676d50f945cd32fa239b36cc/add-coins 200 3.860 ms
POST /api/watchlists/676d50f945cd32fa239b36cc/add-coins 200 14.748 ms
GET /api/watchlists/676d50f945cd32fa239b36cc 200 7.549 ms
PATCH /api/watchlists/676d50f945cd32fa239b36cc/remove-coins?ids=ripple 200 9.762 ms
POST /api/watchlists/676d50f945cd32fa239b36cc/add-coins 200 8.988 ms
GET /api/watchlists 200 7.611 ms
GET /api/watchlists/676d50f945cd32fa239b36cc 200 4.744 ms
GET /api/watchlists/676d50f945cd32fa239b36cc 200 16.557 ms
POST /api/watchlists/676d50f945cd32fa239b36cc/add-coins 200 3.758 ms
GET /api/watchlists/676d50f945cd32fa239b36cc 200 6.749 ms
GET /api/watchlists 200 5.807 ms
POST /api/watchlists/676d50f945cd32fa239b36c/add-coins 200 9.705 ms
POST /api/watchlists/676d50f945cd32fa239b36c/add-coins 500 7.910 ms
POST /api/auth/login 200 70.866 ms
GET /api/watchlists 200 14.011 ms
POST /api/watchlists 201 19.597 ms
GET /api/watchlists 200 3.638 ms
POST /api/watchlists/6771657d4439c85874ea3589/add-coins 200 14.325 ms
GET /api/watchlists 200 5.596 ms
GET /api/watchlists/6771657d4439c85874ea3589 200 5.437 ms
POST /api/watchlists/6771657d4439c85874ea3589/add-coins 200 1.711 ms
POST /api/watchlists/6771657d4439c85874ea3589/add-coins 200 1.767 ms
POST /api/watchlists/6771657d4439c85874ea3589/add-coins 200 2.200 ms
POST /api/watchlists/6771657d4439c85874ea3589/add-coins 200 1.812 ms
POST /api/watchlists/6771657d4439c85874ea3589/add-coins 404 2.998 ms
POST /api/watchlists/6771657d4439c85874ea3589/add-coins 200 1.871 ms
POST /api/watchlists/6771657d4439c85874ea3589/add-coins 404 2.618 ms
POST /api/watchlists/6771657d4439c85874ea3589/add-coins 200 4.773 ms
POST /api/watchlists/6771657d4439c85874ea3589/add-coins 200 2.254 ms
GET /api/watchlists/6771657d4439c85874ea3589 200 4.682 ms
POST /api/watchlists/6771657d4439c85874ea3589/add-coins 200 5.820 ms
POST /api/watchlists/6771657d4439c85874ea358/add-coins 404 1.486 ms
POST /api/watchlists/6/add-coins 404 1.427 ms
POST /api/watchlists/add-coins 404 1.266 ms
POST /api/watchlists/ohouhouho/add-coins 404 1.738 ms
POST /api/watchlists/6771657d4439c85874ea3589/add-coins 200 4.225 ms
POST /api/watchlists/6771657d4439c85874ea358/add-coins 404 1.675 ms
POST /api/watchlists/6771657d4439c85874ea358/add-coins 404 8.960 ms
POST /api/watchlists/6771657d4439c85874ea358/add-coins 404 2.013 ms
POST /api/watchlists/6771657d4439c85874ea3589/add-coins 404 4.279 ms
POST /api/watchlists/6771657d4439c85874ea3589/add-coins 200 7.178 ms
POST /api/watchlists/6771657d4439c85874ea3589/add-coins 200 13.109 ms
POST /api/watchlists/6771657d4439c85874ea358/add-coins 404 10.792 ms
POST /api/watchlists/6771657d4439c85874ea358/add-coins 404 8.353 ms
POST /api/watchlists/6771657d4439c85874ea3589/add-coins 404 6.473 ms
POST /api/watchlists/6771657d4439c85874ea3589/add-coins 200 6.978 ms
POST /api/watchlists/6771657d4439c85874ea358/add-coins 400 8.388 ms
POST /api/watchlists/6771657d4439c85874ea3589/add-coins 404 4.758 ms
POST /api/watchlists/6771657d4439c85874ea3589/add-coins 200 7.909 ms
POST /api/watchlists/6771657d4439c85874ea3589/add-coins 400 1.849 ms
POST /api/watchlists/6771657d4439c85874ea3589/add-coins 200 5.251 ms
POST /api/auth/login 200 68.773 ms
GET /api/watchlists/ 200 11.209 ms
GET /api/watchlists/6771657d4439c85874ea358 400 3.161 ms
GET /api/watchlists/6771657d4439c85874ea3589 200 5.461 ms
GET /api/watchlists/6771657d4439c85874ea3589 200 16.260 ms
POST /api/watchlists/6771657d4439c85874ea3589/add-coins 401 5.966 ms
POST /api/auth/login 200 65.976 ms
POST /api/watchlists/6771657d4439c85874ea3589/add-coins 200 8.062 ms
POST /api/watchlists/6771657d4439c85874ea3589/add-coins 200 14.981 ms
GET /api/watchlists 200 7.128 ms
GET /api/watchlists/6771657d4439c85874ea3589 200 5.786 ms
PATCH /api/watchlists/6771657d4439c85874ea3589/remove-coins 200 8.866 ms
PATCH /api/watchlists/6771657d4439c85874ea3589/remove-coins 200 2.989 ms
PATCH /api/watchlists/6771657d4439c85874ea3589/remove-coins 200 2.579 ms
PATCH /api/watchlists/6771657d4439c85874ea3589/remove-coins 200 2.692 ms
PATCH /api/watchlists/6771657d4439c85874ea3589/remove-coins 200 4.234 ms
PATCH /api/watchlists/6771657d4439c85874ea3589/remove-coins 200 3.429 ms
PATCH /api/watchlists/6771657d4439c85874ea3589/remove-coins 200 2.654 ms
PATCH /api/watchlists/6771657d4439c85874ea3589/remove-coins 200 11.928 ms
PATCH /api/watchlists/6771657d4439c85874ea358/remove-coins 400 3.886 ms
PATCH /api/watchlists/6771657d4439c85874ea3589/remove-coins 400 1.993 ms
PATCH /api/watchlists/6771657d4439c85874ea3589/remove-coins 200 4.743 ms
PATCH /api/watchlists/6771657d4439c85874ea3589/remove-coins 404 9.473 ms
PATCH /api/watchlists/6771657d4439c85874ea3589/remove-coins 404 9.118 ms
PATCH /api/watchlists/6771657d4439c85874ea3589/remove-coins 200 10.032 ms
PATCH /api/watchlists/6771657d4439c85874ea3589/remove-coins 200 12.312 ms
PATCH /api/watchlists/6771657d4439c85874ea3589/remove-coins 200 18.557 ms
GET /api/watchlists 200 5.383 ms
GET /api/watchlists/6771657d4439c85874ea3589 200 5.069 ms
GET /api/coins/markets 200 9.233 ms
GET /api/coins/markets 304 3.879 ms
GET /api/coins/markets 304 3.903 ms
GET /api/coins/markets 304 3.636 ms
GET /api/coins/markets 200 3.539 ms
GET /api/coins/markets 200 1.923 ms
GET /api/coins/markets 304 22.538 ms
GET /api/coins/markets 200 5.704 ms
GET /api/coins/markets 200 4.313 ms
GET /api/coins/markets 304 2.329 ms
GET /api/coins/markets 200 1.639 ms
GET /api/coins/markets 200 6.834 ms
GET /api/coins/markets 304 2.668 ms
GET /api/coins/markets 200 2.283 ms
GET /api/coins/markets 304 7.680 ms
GET /api/coins/markets 200 3.071 ms
GET /api/coins/markets 304 2.698 ms
GET /api/coins/markets 304 2.340 ms
GET /api/coins/markets 200 2.468 ms
GET /api/coins/markets 304 14.216 ms
GET /api/coins/markets 200 2.226 ms
GET /api/coins/markets 304 1.875 ms
GET /api/coins/markets 304 4.655 ms
GET /api/coins/markets 304 1.985 ms
GET /api/coins/markets 304 2.315 ms
GET /api/coins/markets 200 4.491 ms
GET /api/coins/markets 200 11.604 ms
GET /api/coins/markets 304 3.408 ms
GET /api/coins/markets 200 15.597 ms
GET /api/coins/markets 304 5.396 ms
GET /api/coins/markets 200 5.025 ms
GET /api/coins/markets 304 4.038 ms
GET /api/coins/markets 304 14.538 ms
GET /api/coins/markets 200 14.107 ms
GET /api/coins/markets 200 216.252 ms
GET /api/coins/markets 200 3.390 ms
GET /api/coins/markets 304 3.132 ms
GET /api/coins/markets 200 7.359 ms
GET /api/coins/markets 304 4.015 ms
GET /api/coins/markets 304 1.678 ms
GET /api/coins/markets 304 1.874 ms
GET /api/coins/markets 304 1.712 ms
GET /api/coins/markets 200 4.772 ms
GET /api/coins/markets 200 25.480 ms
GET /api/coins/markets 200 6.294 ms
GET /api/coins/markets 200 11.077 ms
GET /api/coins/markets 200 6.542 ms
GET /api/coins/markets 304 5.826 ms
GET /api/coins/markets 304 8.477 ms
GET /api/coins/markets 304 2.235 ms
GET /api/coins/markets 304 7.527 ms
GET /api/coins/markets/monero,solana,dogecoin 200 64.342 ms
GET /api/coins/markets 200 9.706 ms
GET /api/coins/markets 200 6.532 ms
GET /api/coins/markets 304 16.060 ms
GET /api/coins/markets 304 2.174 ms
GET /api/coins/markets 304 4.538 ms
GET /api/coins/markets 304 1.587 ms
GET /api/coins/markets 200 4.161 ms
GET /api/coins/markets/$%7Bprops.id%7D 404 1.982 ms
GET /api/coins/markets 304 2.638 ms
GET /api/coins/markets 304 2.494 ms
GET /api/coins/markets/bitcoin 200 2.725 ms
GET /api/coins/markets 304 2.226 ms
GET /api/coins/markets/bitcoin 200 1.467 ms
GET /api/coins/markets 200 2.642 ms
GET /api/coins/markets 200 8.546 ms
GET /api/coins/markets 304 1.998 ms
GET /api/coins/markets 304 1.927 ms
GET /api/coins/markets 304 1.940 ms
GET /api/coins/markets 304 2.979 ms
GET /api/coins/markets 304 2.240 ms
GET /api/coins/markets 304 1.710 ms
GET /api/coins/markets 304 2.263 ms
GET /api/coins/markets 304 4.513 ms
GET /api/coins/markets 304 3.640 ms
GET /api/coins/markets 304 2.089 ms
GET /api/coins/markets 304 2.117 ms
GET /api/coins/markets 304 3.120 ms
GET /api/coins/markets 200 1.924 ms
GET /api/coins/markets 304 1.856 ms
GET /api/coins/markets 200 2.424 ms
GET /api/coins/markets/bitcoin 200 1.527 ms
GET /api/coins/markets 304 1.897 ms
GET /api/coins/markets/bitcoin 304 1.340 ms
GET /api/coins/markets 304 2.228 ms
GET /api/coins/markets/dogecoin 200 1.402 ms
GET /api/coins/markets 200 2.433 ms
GET /api/coins/markets 304 5.855 ms
GET /api/coins/markets/solana 200 1.382 ms
GET /api/coins/markets 304 1.725 ms
GET /api/coins/markets 304 1.622 ms
GET /api/coins/markets 304 11.860 ms
GET /api/coins/markets/bitcoin 200 4.743 ms
GET /api/coins/markets/monero 200 1.475 ms
GET /api/coins/markets/bitcoin 200 1.304 ms
GET /api/coins/markets/bitcoin 200 6.854 ms
GET /api/coins/markets 200 6.174 ms
GET /api/coins/markets 304 3.935 ms
GET /api/coins/markets/solana 200 3.461 ms
GET /api/coins/markets 304 3.231 ms
GET /api/coins/markets/ethereum 200 2.313 ms
GET /api/coins/markets 200 2.239 ms
GET /api/coins/markets 304 4.772 ms
GET /api/coins/markets/bitcoin 200 5.442 ms
GET /api/coins/markets/bitcoin 304 7.627 ms
GET /api/coins/markets/monero 200 3.086 ms
GET /api/coins/markets/monero 200 1.230 ms
GET /api/coins/markets/monero 304 2.393 ms
GET /api/coins/markets/shiba-inu 200 2.912 ms
GET /api/coins/markets/cardano 200 1.790 ms
GET /api/coins/markets 200 1.933 ms
GET /api/coins/markets 304 4.523 ms
GET /api/coins/markets/bitcoin 200 1.130 ms
GET /api/coins/markets 304 3.380 ms
GET /api/coins/markets 200 5.414 ms
GET /api/coins/markets 200 8.525 ms
GET /api/coins/markets 304 13.227 ms
GET /api/coins/markets 304 1.791 ms
GET /api/coins/markets 304 6.686 ms
GET /api/coins/markets/solana 200 15.720 ms
GET /api/coins/markets/solana 304 8.315 ms
GET /api/coins/markets/monero 200 1.384 ms
GET /api/coins/markets 200 15.981 ms
GET /api/coins/markets/bitcoin 200 3.024 ms
GET /api/coins/markets 304 1.823 ms
GET /api/coins/markets/monero 304 1.693 ms
GET /api/coins/markets 200 1.815 ms
GET /api/coins/markets/tether 200 3.728 ms
GET /api/coins/markets 304 1.838 ms
GET /api/coins/markets/dogecoin 200 2.888 ms
GET /api/coins/markets 304 1.815 ms
GET /api/coins/markets/bitcoin 200 4.612 ms
GET /api/coins/markets 200 1.911 ms
GET /api/coins/markets/bitcoin 304 1.375 ms
GET /api/coins/markets/bitcoin 200 2.194 ms
GET /api/coins/markets/bitcoin 304 24.839 ms
GET /api/coins/markets 200 1.840 ms
GET /api/coins/markets/cardano 200 1.450 ms
GET /api/coins/markets 304 3.863 ms
GET /api/coins/markets/ripple 200 1.598 ms
GET /api/coins/markets 200 2.623 ms
GET /api/coins/markets 304 2.580 ms
GET /api/coins/markets/monero 200 1.300 ms
GET /api/coins/markets 304 2.491 ms
GET /api/coins/markets/bitcoin 200 1.721 ms
GET /api/coins/markets 304 1.868 ms
GET /api/coins/markets/bitcoin 304 1.519 ms
GET /api/coins/markets 304 1.719 ms
GET /api/coins/markets/solana 200 6.482 ms
GET /api/coins/markets/solana 304 3.128 ms
GET /api/coins/markets 200 2.935 ms
GET /api/coins/markets 304 3.467 ms
GET /api/coins/markets/solana 304 1.559 ms
GET /api/coins/markets 304 2.404 ms
GET /api/coins/markets/avalanche-2 200 2.130 ms
GET /api/coins/markets 304 2.308 ms
GET /api/coins/markets/pepe 200 2.049 ms
GET /api/coins/markets 304 2.130 ms
GET /api/coins/markets 304 2.177 ms
GET /api/coins/markets/stellar 200 1.643 ms
GET /api/coins/markets 304 2.024 ms
GET /api/coins/markets/monero 200 1.245 ms
GET /api/coins/markets 304 1.638 ms
GET /api/coins/markets 200 17.115 ms
GET /api/coins/markets/monero 200 2.981 ms
GET /api/coins/markets 304 3.168 ms
GET /api/coins/markets 304 8.614 ms
GET /api/coins/markets/solana 200 1.688 ms
GET /api/coins/markets 304 2.290 ms
GET /api/coins/markets/bitcoin 200 1.540 ms
GET /api/coins/markets/bitcoin 304 2.303 ms
GET /api/coins/markets/bitcoin 304 3.288 ms
GET /api/coins/markets 200 2.107 ms
GET /api/coins/markets/solana 200 1.385 ms
GET /api/coins/markets 304 1.923 ms
GET /api/coins/markets 304 1.949 ms
GET /api/coins/markets/bitcoin 200 1.541 ms
GET /api/coins/markets/monero 200 2.072 ms
GET /api/coins/markets/monero 304 24.645 ms
GET /api/coins/markets/monero 304 1.676 ms
GET /api/coins/markets 200 2.586 ms
GET /api/coins/markets/monero 304 1.421 ms
GET /api/coins/markets/monero 200 1.259 ms
GET /api/coins/markets/monero 200 1.635 ms
GET /api/coins/markets 200 1.915 ms
GET /api/coins/markets/solana 200 1.999 ms
GET /api/coins/markets 304 1.794 ms
GET /api/coins/markets 304 17.390 ms
GET /api/coins/markets 200 2.423 ms
GET /api/coins/markets 304 2.871 ms
GET /api/coins/markets/solana 200 1.649 ms
GET /api/coins/markets 304 1.833 ms
GET /api/coins/markets 304 1.581 ms
GET /api/coins/markets/bitcoin 200 1.448 ms
GET /api/coins/markets 304 2.909 ms
GET /api/coins/markets 304 2.886 ms
GET /api/coins/markets/monero 200 1.566 ms
GET /api/coins/markets 200 1.854 ms
GET /api/coins/markets 304 2.899 ms
GET /api/coins/markets/monero 304 1.276 ms
GET /api/coins/markets 304 2.118 ms
GET /api/coins/markets 304 2.480 ms
GET /api/coins/markets/bitcoin 200 1.561 ms
GET /api/coins/markets 304 2.108 ms
GET /api/coins/markets/bitcoin 304 1.910 ms
GET /api/coins/markets 304 1.855 ms
GET /api/coins/markets/bitcoin 304 1.593 ms
GET /api/coins/markets 304 2.289 ms
GET /api/coins/markets/solana 200 2.503 ms
GET /api/coins/markets 304 1.498 ms
GET /api/coins/markets/solana 304 1.587 ms
GET /api/coins/markets 304 3.220 ms
GET /api/coins/markets/solana 304 1.585 ms
GET /api/coins/markets 304 2.590 ms
GET /api/coins/markets 304 15.117 ms
GET /api/coins/markets 304 1.944 ms
GET /api/coins/markets 304 33.142 ms
GET /api/coins/markets 304 2.323 ms
GET /api/coins/markets 200 5.408 ms
GET /api/coins/markets 304 1.949 ms
GET /api/coins/markets/monero 200 2.211 ms
GET /api/coins/markets 200 1.902 ms
GET /api/coins/markets 304 4.288 ms
GET /api/coins/markets 304 3.002 ms
GET /api/coins/markets 304 1.675 ms
GET /api/coins/markets 304 4.167 ms
GET /api/coins/markets/bitcoin 200 1.720 ms
GET /api/coins/markets 200 2.154 ms
GET /api/coins/markets 304 2.005 ms
GET /api/coins/markets/solana 200 1.227 ms
GET /api/coins/markets/solana 304 18.346 ms
GET /api/coins/markets 304 1.906 ms
GET /api/coins/markets/monero 200 1.309 ms
GET /api/coins/markets/monero 304 2.734 ms
GET /api/coins/markets/monero 304 40.608 ms
GET /api/coins/markets/monero 200 5.477 ms
GET /api/coins/markets/monero 304 7.080 ms
GET /api/coins/markets 200 1.746 ms
GET /api/coins/markets 304 2.337 ms
GET /api/coins/markets 304 29.329 ms
GET /api/coins/markets/monero 304 1.267 ms
GET /api/coins/markets 304 1.796 ms
GET /api/coins/markets 200 11.092 ms
GET /api/coins/markets/solana 200 2.474 ms
GET /api/coins/markets 304 3.246 ms
GET /api/coins/markets 200 1.926 ms
GET /api/coins/markets/query?ids=bitcoin,monero,solana 200 9.032 ms
GET /api/coins/markets/bitcoin 200 1.330 ms
GET /api/coins/markets/solana 304 1.390 ms
GET /api/coins/markets 304 2.196 ms
POST /api/auth/signup 201 82.215 ms
POST /api/auth/login 200 75.222 ms
GET /api/watchlists 200 19.288 ms
GET /api/watchlists 401 0.501 ms
GET /api/watchlists 200 3.065 ms
GET /api/watchlists 200 3.194 ms
GET /api/watchlists/6771657d4439c85874ea3589 200 9.283 ms
POST /api/watchlists 201 8.083 ms
POST /api/auth/login 200 68.476 ms
DELETE /api/watchlists/6777c154aeadddca963026a0 404 9.911 ms
DELETE /api/watchlists/6777c154aeadddca963026a0 200 3.354 ms
DELETE /api/watchlists/6777c154aeadddca963026a0 404 1.969 ms
GET /api/coins/markets/binancecoin 200 2.424 ms
GET /api/coins/markets 200 3.713 ms
GET /api/coins/markets 200 4.084 ms
GET /api/coins/markets 200 118.485 ms
GET /api/coins/markets 304 65.375 ms
GET /api/coins/markets/monero 200 7.179 ms
GET /api/coins/markets 200 14.531 ms
GET /api/coins/markets/bitcoin 200 1.491 ms
GET /api/coins/markets/bitcoin 200 7.378 ms
GET /api/coins/markets/bitcoin 304 2.758 ms
GET /api/coins/markets 200 12.999 ms
GET /api/coins/markets 304 2.033 ms
GET /api/coins/markets 200 13.243 ms
GET /api/coins/markets 200 42.599 ms
GET /api/coins/markets 304 10.331 ms
GET /api/coins/markets 304 5.416 ms
GET /api/coins/markets 304 1.929 ms
GET /api/coins/markets/bitcoin 200 2.571 ms
GET /api/coins/markets/monero 200 1.892 ms
GET /api/coins/markets/solana 200 2.370 ms
GET /api/coins/markets/dogecoin 200 1.770 ms
GET /api/coins/markets/monero 200 4.587 ms
GET /api/coins/markets/monero 304 1.519 ms
GET /api/coins/markets/monero 304 1.964 ms
GET /api/coins/markets/monero 304 1.485 ms
GET /api/coins/markets 200 4.124 ms
GET /api/coins/markets/monero 304 1.494 ms
GET /api/coins/markets 200 1.807 ms
GET /api/coins/markets/monero 200 4.353 ms
GET /api/coins/markets/monero 304 1.174 ms
GET /api/coins/markets/monero 304 1.543 ms
GET /api/coins/markets/monero 304 1.450 ms
GET /api/coins/markets 304 6.474 ms
GET /api/coins/markets/monero 304 1.580 ms
GET /api/coins/markets/monero 200 1.588 ms
GET /api/coins/markets/monero 304 1.909 ms
GET /api/coins/markets/monero 304 1.474 ms
GET /api/coins/markets/monero 304 1.226 ms
GET /api/coins/markets/monero 200 1.496 ms
GET /api/coins/markets/monero 304 1.601 ms
GET /api/coins/markets/monero 304 1.423 ms
GET /api/coins/markets 200 3.709 ms
GET /api/coins/markets/monero 200 1.398 ms
GET /api/coins/markets/monero 200 2.121 ms
GET /api/coins/markets/monero 304 2.968 ms
GET /api/coins/markets/monero 200 6.289 ms
GET /api/coins/markets/bitcoin 200 3.457 ms
GET /api/coins/markets 200 127.394 ms
GET /api/coins/markets/monero 200 13.281 ms
GET /api/coins/markets 200 9.843 ms
GET /api/coins/markets/monero 200 1.783 ms
GET /api/coins/markets/bitcoin 200 2.564 ms
GET /api/coins/markets/bitcoin 200 1.813 ms
GET /api/coins/markets/bitcoin 304 1.721 ms
GET /api/coins/markets/solana 200 1.578 ms
GET /api/coins/markets 200 3.822 ms
GET /api/coins/markets/bitcoin 200 1.531 ms
GET /api/coins/markets/monero 200 1.815 ms
GET /api/coins/markets/bitcoin 304 1.545 ms
GET /api/coins/markets 304 3.122 ms
GET /api/coins/markets/bitcoin 304 2.006 ms
GET /api/coins/markets/bitcoin 200 1.417 ms
GET /index.html 304 1.930 ms
GET /css/style.css 304 1.031 ms
GET /js/script.js 304 0.396 ms
GET /api/coins/markets 200 2.749 ms
GET /login.html 304 0.328 ms
GET /css/style.css 304 0.765 ms
GET /css/login.css 304 0.576 ms
GET /js/login.js 304 0.244 ms
GET /signup.html 304 0.273 ms
GET /css/style.css 304 0.683 ms
GET /css/login.css 304 2.496 ms
GET /js/signup.js 304 0.360 ms
GET /api/coins/markets 200 2.638 ms
GET /api/coins/markets 200 24.090 ms
GET /api/coins/markets 200 120.016 ms
GET /api/coins/markets 200 103.917 ms
GET /api/coins/markets 304 2.290 ms
GET /api/coins/markets/solana 200 1.785 ms
GET /api/coins/markets/monero 200 1.504 ms
GET /api/coins/markets 200 5.227 ms
GET /api/coins/markets/monero 200 2.318 ms
GET /api/coins/markets 200 6.129 ms
GET /api/coins/markets/solana 200 4.605 ms
GET /api/coins/markets 200 34.288 ms
GET /api/coins/markets 200 4.334 ms
GET /api/coins/markets 304 4.010 ms
GET /api/coins/markets/monero 200 2.370 ms
GET /api/coins/markets/solana 200 2.569 ms
GET /api/coins/markets 304 1.901 ms
GET /api/coins/markets/solana 304 4.922 ms
GET /api/coins/markets 304 1.850 ms
GET /api/coins/markets/bitcoin 200 1.692 ms
GET /api/coins/markets 200 2.535 ms
GET /api/coins/markets/bitcoin 200 1.742 ms
GET /api/coins/markets 304 5.995 ms
GET /api/coins/markets 304 4.484 ms
GET /api/coins/markets 304 1.975 ms
GET /api/coins/markets/ethereum 200 1.353 ms
GET /api/coins/markets 200 2.062 ms
GET /api/coins/markets/monero 200 1.546 ms
GET /api/coins/markets/monero 304 1.409 ms
GET /api/coins/markets 304 11.164 ms
GET /api/coins/markets/monero 304 2.064 ms
GET /api/coins/markets 200 5.723 ms
GET /api/coins/markets 304 29.931 ms
GET /api/coins/markets 200 4.021 ms
GET /api/coins/markets/bitcoin 200 2.515 ms
GET /api/coins/markets 304 21.207 ms
GET /api/coins/markets 304 4.285 ms
GET /api/coins/markets/bitcoin 304 1.328 ms
GET /api/coins/markets 200 22.326 ms
GET /api/coins/markets/monero 200 2.725 ms
GET /api/coins/markets 200 2.620 ms
GET /api/coins/markets 304 1.970 ms
GET /api/coins/markets/monero 200 1.766 ms
GET /api/coins/markets 200 157.241 ms
GET /api/coins/markets/monero 200 6.518 ms
GET /api/coins/markets 200 7.464 ms
GET /api/coins/markets 304 4.721 ms
GET /api/coins/markets 304 2.189 ms
GET /api/coins/markets 304 2.074 ms
GET /api/coins/markets/ethereum 200 1.414 ms
GET /api/coins/markets 304 25.801 ms
GET /api/coins/markets 304 16.161 ms
GET /api/coins/markets 200 2.420 ms
GET /api/coins/markets 304 15.407 ms
GET /api/coins/markets/solana 200 1.345 ms
GET /api/coins/markets 200 12.222 ms
GET /api/coins/markets/bitcoin 200 2.991 ms
GET /api/coins/markets/bitcoin 304 3.567 ms
GET /api/coins/markets 200 3.183 ms
GET /api/coins/markets 304 3.469 ms
GET /api/coins/markets/solana 200 1.358 ms
GET /api/coins/markets 304 35.462 ms
GET /api/coins/markets/monero 200 1.395 ms
POST /api/auth/login 400 3.936 ms
POST /api/auth/login 200 101.535 ms
POST /api/auth/login 400 0.322 ms
GET /api/coins/markets/solana 200 2.655 ms
POST /api/auth/login 400 0.448 ms
GET /api/coins/markets 200 7.876 ms
GET /api/coins/markets/solana 304 2.497 ms
POST /api/auth/login 200 70.447 ms
GET /api/coins/markets 200 49.512 ms
GET /api/coins/markets/bitcoin 200 3.265 ms
POST /api/auth/login 200 70.337 ms
POST /api/auth/signup 201 111.471 ms
GET /api/coins/markets/monero 200 1.896 ms
GET /api/coins/markets 200 30.022 ms
GET /api/coins/markets/bitcoin 200 2.213 ms
GET /api/coins/markets/monero 200 1.699 ms
POST /api/auth/login 200 73.338 ms
GET /api/coins/markets 304 1.964 ms
GET /api/coins/markets 304 2.959 ms
GET /api/coins/markets/monero 304 2.063 ms
POST /api/auth/login 200 69.121 ms
GET /api/coins/markets/monero 200 3.755 ms
GET /api/coins/markets 200 3.435 ms
GET /api/coins/markets/monero 200 2.764 ms
GET /api/coins/markets 200 91.280 ms
GET /api/coins/markets/monero 200 3.181 ms
POST /api/auth/login 200 72.758 ms
GET /api/coins/markets 304 18.095 ms
GET /api/coins/markets/bitcoin 200 2.342 ms
GET /api/coins/markets 200 2.178 ms
GET /api/coins/markets 304 2.278 ms
GET /api/coins/markets/solana 200 1.753 ms
POST /api/auth/login 200 70.188 ms
POST /api/auth/signup 201 84.100 ms
GET /api/coins/markets 200 36.162 ms
POST /api/auth/signup 201 70.002 ms
POST /api/auth/login 200 67.854 ms
GET /api/coins/markets 304 2.546 ms
POST /api/auth/signup 201 68.789 ms
GET /api/coins/markets 200 2.600 ms
GET /api/coins/markets 304 1.573 ms
GET /api/coins/markets/solana 200 1.419 ms
POST /api/auth/signup 201 74.046 ms
POST /api/auth/login 200 68.943 ms
POST /api/auth/login 200 71.022 ms
GET /api/coins/markets 304 6.732 ms
GET /api/coins/markets 200 2.116 ms
GET /api/coins/markets 304 44.176 ms
POST /api/auth/login 200 69.265 ms
GET /api/coins/markets 304 25.112 ms
POST /api/auth/login 200 68.454 ms
GET /api/coins/markets/solana 200 2.717 ms
GET /api/coins/markets 200 4.513 ms
GET /api/coins/markets 304 17.961 ms
GET /api/coins/markets/solana 200 1.416 ms
POST /api/auth/signup 409 75.311 ms
POST /api/auth/signup 201 67.439 ms
GET /api/coins/markets 200 2.422 ms
POST /api/auth/signup 201 67.097 ms
POST /api/auth/login 200 69.941 ms
GET /api/coins/markets 304 21.194 ms
POST /api/auth/signup 409 68.986 ms
POST /api/auth/signup 201 73.101 ms
GET /api/coins/markets 304 2.009 ms
GET /api/coins/markets 304 21.740 ms
POST /api/auth/signup 201 70.380 ms
GET /api/coins/markets 200 2.651 ms
POST /api/auth/signup 201 68.854 ms
POST /api/auth/login 200 68.808 ms
GET /api/coins/markets 304 6.101 ms
POST /api/auth/signup 201 70.387 ms
POST /api/auth/login 200 68.909 ms
POST /api/auth/signup 201 68.162 ms
POST /api/auth/signup 201 68.003 ms
POST /api/auth/login 200 68.403 ms
POST /api/auth/login 401 68.923 ms
POST /api/auth/signup 409 70.396 ms
GET /api/coins/markets 200 8.316 ms
GET /api/coins/markets/monero 200 3.029 ms
POST /api/auth/login 200 70.617 ms
GET /api/coins/markets 304 6.211 ms
GET /api/coins/markets/monero 200 2.610 ms
GET /api/coins/markets 200 2.216 ms
GET /api/coins/markets 304 3.935 ms
GET /api/coins/markets/monero 200 1.741 ms
POST /api/auth/login 401 75.274 ms
GET /api/coins/markets 200 12.635 ms
POST /api/auth/login 200 77.316 ms
POST /api/auth/login 200 68.044 ms
POST /api/auth/login 200 66.217 ms
POST /api/auth/login 200 67.713 ms
POST /api/auth/login 401 66.930 ms
POST /api/auth/login 200 66.890 ms
POST /api/auth/login 200 67.109 ms
POST /api/auth/login 200 68.425 ms
POST /api/auth/login 200 67.192 ms
POST /api/auth/login 200 66.836 ms
GET /api/coins/markets 304 25.395 ms
GET /api/coins/markets/bitcoin 200 1.605 ms
POST /api/auth/login 200 67.931 ms
POST /api/auth/login 200 66.573 ms
POST /api/auth/login 200 68.634 ms
POST /api/auth/login 200 66.908 ms
POST /api/auth/login 401 66.577 ms
GET /api/coins/markets 200 19.053 ms
POST /api/auth/login 200 66.649 ms
POST /api/auth/signup 201 103.860 ms
GET /api/coins/markets 304 82.599 ms
GET /api/coins/markets/bitcoin 200 2.593 ms
POST /api/auth/login 200 67.034 ms
POST /api/auth/login 200 67.477 ms
POST /api/auth/login 200 67.956 ms
GET /api/coins/markets 304 35.961 ms
GET /api/coins/markets/solana 200 1.098 ms
POST /api/auth/login 200 67.506 ms
POST /api/auth/signup 409 68.940 ms
POST /api/auth/signup 409 68.200 ms
POST /api/auth/signup 201 68.013 ms
GET /api/coins/markets 304 1.880 ms
POST /api/auth/login 200 66.820 ms
POST /api/auth/signup 201 67.269 ms
POST /api/auth/login 200 67.429 ms
POST /api/auth/signup 201 92.326 ms
POST /api/auth/login 200 78.225 ms
GET /api/coins/markets 200 75.352 ms
GET /api/coins/markets 304 7.750 ms
POST /api/auth/signup 201 68.562 ms
POST /api/auth/login 200 66.672 ms
GET /api/coins/markets 200 55.008 ms
GET /api/coins/markets/monero 200 3.450 ms
POST /api/auth/login 200 73.678 ms
POST /api/auth/signup 201 78.631 ms
POST /api/auth/login 200 68.096 ms
POST /api/auth/signup 409 69.012 ms
GET /api/coins/markets 200 3.539 ms
GET /api/coins/markets/solana 200 1.842 ms
POST /api/auth/signup 409 69.675 ms
POST /api/auth/signup 201 68.877 ms
POST /api/auth/login 200 67.413 ms
POST /api/auth/signup 409 68.125 ms
POST /api/auth/signup 409 68.161 ms
POST /api/auth/signup 201 70.568 ms
POST /api/auth/login 200 69.248 ms
GET /api/coins/markets 304 13.904 ms
GET /api/coins/markets 200 1.737 ms
GET /api/coins/markets/solana 200 3.410 ms
POST /api/auth/signup 409 66.570 ms
POST /api/auth/signup 201 68.459 ms
POST /api/auth/login 200 69.525 ms
GET /api/coins/markets/dogecoin 200 2.340 ms
GET /api/coins/markets 200 46.807 ms
GET /api/coins/markets/monero 200 2.804 ms
POST /api/auth/signup 409 77.254 ms
POST /api/auth/signup 409 66.548 ms
POST /api/auth/signup 201 71.252 ms
POST /api/auth/login 200 72.388 ms
GET /api/coins/markets 200 58.019 ms
POST /api/auth/signup 409 69.972 ms
POST /api/auth/signup 409 78.627 ms
POST /api/auth/signup 409 79.955 ms
POST /api/auth/signup 409 71.743 ms
POST /api/auth/signup 400 1.758 ms
POST /api/auth/signup 400 0.570 ms
POST /api/auth/signup 409 68.475 ms
POST /api/auth/signup 409 70.696 ms
POST /api/auth/signup 409 80.091 ms
POST /api/auth/signup 409 81.495 ms
POST /api/auth/signup 409 78.360 ms
POST /api/auth/signup 409 71.415 ms
POST /api/auth/signup 409 78.556 ms
POST /api/auth/signup 409 69.141 ms
POST /api/auth/signup 409 69.543 ms
POST /api/auth/signup 400 1.207 ms
POST /api/auth/signup 201 69.859 ms
POST /api/auth/login 200 75.659 ms
GET /api/coins/markets 200 50.681 ms
POST /api/auth/signup 400 2.141 ms
POST /api/auth/signup 400 3.772 ms
POST /api/auth/signup 409 78.456 ms
POST /api/auth/signup 400 0.995 ms
POST /api/auth/signup 400 0.740 ms
POST /api/auth/signup 409 70.238 ms
POST /api/auth/signup 409 69.881 ms
POST /api/auth/signup 201 70.696 ms
POST /api/auth/login 401 67.656 ms
POST /api/auth/login 401 1.848 ms
POST /api/auth/login 401 1.879 ms
POST /api/auth/login 200 71.707 ms
POST /api/auth/login 400 0.351 ms
POST /api/auth/login 400 0.397 ms
POST /api/auth/login 401 68.057 ms
POST /api/auth/login 401 1.569 ms
POST /api/auth/login 200 69.967 ms
GET /api/coins/markets/monero 200 5.133 ms
GET /api/coins/markets 200 13.688 ms
GET /api/coins/markets/bitcoin 200 3.869 ms
POST /api/auth/login 200 75.481 ms
GET /api/coins/markets 200 76.714 ms
POST /api/auth/login 200 103.871 ms
GET /api/watchlists 200 45.814 ms
GET /api/coins/markets 200 199.262 ms
GET /api/coins/markets/monero 200 2.191 ms
POST /api/auth/login 200 70.176 ms
GET /api/coins/markets 200 11.244 ms
GET /api/coins/markets/bitcoin 200 2.932 ms
GET /api/coins/markets/monero 200 1.947 ms
POST /api/auth/login 200 76.223 ms
GET /api/coins/markets 200 2.148 ms
GET /api/coins/markets 304 2.380 ms
POST /api/auth/login 200 69.756 ms
GET /api/coins/markets 304 4.672 ms
GET /api/coins/markets 304 2.143 ms
POST /api/auth/login 200 70.368 ms
GET /api/coins/markets 304 3.057 ms
POST /api/auth/login 200 70.268 ms
GET /api/coins/markets 200 63.708 ms
POST /api/auth/login 200 67.984 ms
GET /api/coins/markets 200 2.735 ms
POST /api/auth/login 200 70.040 ms
GET /api/coins/markets 304 1.995 ms
GET /api/coins/markets 304 3.344 ms
POST /api/auth/login 200 68.712 ms
GET /api/coins/markets 200 2.047 ms
POST /api/auth/login 200 72.007 ms
GET /api/coins/markets 200 2.296 ms
POST /api/auth/login 200 69.169 ms
GET /api/coins/markets 200 5.363 ms
GET /api/coins/markets 304 22.513 ms
GET /api/coins/markets/monero 200 2.689 ms
POST /api/auth/login 200 70.431 ms
GET /api/coins/markets 200 3.164 ms
GET /api/coins/markets 200 5.389 ms
POST /api/auth/login 200 67.683 ms
GET /api/coins/markets 304 2.684 ms
GET /api/coins/markets 200 5.825 ms
POST /api/auth/login 200 71.082 ms
GET /api/coins/markets 200 5.651 ms
POST /api/auth/login 200 69.856 ms
GET /api/coins/markets 304 4.387 ms
POST /api/auth/login 200 70.103 ms
GET /api/coins/markets 200 14.961 ms
POST /api/auth/login 200 69.289 ms
GET /api/coins/markets 200 5.498 ms
POST /api/auth/login 200 70.901 ms
GET /api/coins/markets 304 3.642 ms
POST /api/auth/login 200 67.747 ms
GET /api/watchlists 200 15.758 ms
GET /api/coins/markets 304 2.414 ms
POST /api/auth/login 200 69.463 ms
GET /api/watchlists 304 3.281 ms
GET /api/coins/markets 304 2.745 ms
POST /api/auth/login 200 64.887 ms
GET /api/watchlists 404 2.307 ms
GET /api/coins/markets 304 2.191 ms
POST /api/auth/login 200 68.960 ms
GET /api/watchlists 200 2.566 ms
GET /api/watchlists 304 4.089 ms
GET /api/coins/markets 200 1.817 ms
POST /api/auth/login 200 67.732 ms
GET /api/watchlists 404 2.524 ms
GET /api/watchlists 404 3.252 ms
GET /api/coins/markets 304 3.653 ms
POST /api/auth/login 200 67.568 ms
GET /api/watchlists 200 2.824 ms
GET /api/watchlists 304 6.248 ms
GET /api/coins/markets 304 1.846 ms
POST /api/auth/login 200 67.739 ms
GET /api/watchlists 200 3.699 ms
GET /api/coins/markets 304 3.938 ms
GET /api/coins/markets 304 1.986 ms
POST /api/auth/login 200 70.149 ms
GET /api/watchlists 200 3.106 ms
GET /api/coins/markets 200 6.396 ms
GET /api/watchlists 401 59.944 ms
GET /api/coins/markets 200 20.110 ms
POST /api/auth/login 200 73.397 ms
GET /api/watchlists 200 6.699 ms
GET /api/coins/markets 304 4.282 ms
GET /api/coins/markets 304 3.007 ms
POST /api/auth/login 200 70.662 ms
GET /api/watchlists 200 6.169 ms
GET /api/watchlists 304 3.460 ms
GET /api/watchlists 304 7.888 ms
GET /api/coins/markets 200 7.883 ms
POST /api/auth/login 200 72.005 ms
GET /api/watchlists 304 3.936 ms
GET /api/watchlists 304 22.377 ms
GET /api/coins/markets 304 15.188 ms
GET /api/coins/markets 200 6.652 ms
GET /api/watchlists 401 12.290 ms
GET /api/watchlists 401 1.307 ms
GET /api/watchlists 401 1.308 ms
GET /api/coins/markets 304 2.880 ms
POST /api/auth/login 200 71.400 ms
GET /api/watchlists 304 3.466 ms
GET /api/coins/markets 304 2.825 ms
POST /api/auth/signup 409 127.331 ms
POST /api/auth/login 401 1.917 ms
POST /api/auth/login 401 1.694 ms
POST /api/auth/login 401 1.806 ms
POST /api/auth/login 200 64.965 ms
GET /api/watchlists 404 2.045 ms
GET /api/coins/markets 200 2.181 ms
POST /api/auth/login 200 66.212 ms
GET /api/watchlists 200 2.593 ms
GET /api/coins/markets 304 2.253 ms
POST /api/auth/login 200 65.154 ms
GET /api/watchlists 404 2.182 ms
GET /api/watchlists 404 56.276 ms
GET /api/coins/markets 304 1.869 ms
POST /api/auth/login 200 67.614 ms
GET /api/watchlists 200 4.677 ms
GET /api/watchlists 304 3.010 ms
GET /api/watchlists 304 4.963 ms
GET /api/watchlists 304 3.585 ms
DELETE /api/watchlists/676d50f945cd32fa239b36cc 200 10.371 ms
DELETE /api/watchlists/6771657d4439c85874ea3589 200 2.632 ms
GET /api/coins/markets 200 2.293 ms
GET /api/watchlists 200 2.595 ms
GET /api/coins/markets 304 1.819 ms
POST /api/auth/login 200 68.458 ms
GET /api/watchlists 404 1.961 ms
GET /api/coins/markets 304 2.298 ms
POST /api/auth/login 200 67.796 ms
GET /api/watchlists 200 2.436 ms
DELETE /api/watchlists/675aa759ca531c3c0d5c22ae 200 2.707 ms
GET /api/watchlists 200 3.689 ms
GET /api/watchlists 304 8.655 ms
GET /api/coins/markets 304 1.782 ms
DELETE /api/watchlists/undefined 404 1.962 ms
GET /api/watchlists 304 5.075 ms
DELETE /api/watchlists/676d56baf5de122396f590b1 404 2.450 ms
GET /api/watchlists 304 2.179 ms
DELETE /api/watchlists/675a988dca531c3c0d5c1ea0 200 4.115 ms
GET /api/watchlists 200 2.547 ms
DELETE /api/watchlists/675a97072287131c740ccaac 200 2.691 ms
GET /api/watchlists 404 4.271 ms
GET /api/coins/markets 200 2.578 ms
POST /api/auth/login 200 67.766 ms
GET /api/watchlists 404 1.838 ms
GET /api/watchlists 404 2.933 ms
GET /api/watchlists 404 8.628 ms
GET /api/watchlists 404 4.614 ms
GET /api/coins/markets 200 5.749 ms
GET /api/coins/markets 200 56.273 ms
GET /api/coins/markets 304 21.880 ms
POST /api/auth/login 200 81.825 ms
GET /api/watchlists 200 2.959 ms
POST /api/auth/login 200 68.807 ms
GET /api/watchlists 404 1.915 ms
GET /api/watchlists 404 3.534 ms
GET /api/coins/markets 200 1.771 ms
POST /api/auth/login 200 67.220 ms
GET /api/watchlists 404 3.272 ms
GET /api/watchlists 404 11.667 ms
GET /api/coins/markets 304 1.698 ms
GET /api/coins/markets 304 1.972 ms
POST /api/auth/login 401 1.222 ms
POST /api/auth/login 200 67.928 ms
GET /api/watchlists 404 2.183 ms
GET /api/coins/markets 304 2.347 ms
POST /api/auth/login 200 67.212 ms
GET /api/watchlists 404 2.027 ms
GET /api/coins/markets 304 2.269 ms
POST /api/auth/login 200 68.528 ms
GET /api/watchlists 200 2.343 ms
DELETE /api/watchlists/676d56baf5de122396f590b1 200 2.697 ms
GET /api/watchlists 404 2.151 ms
GET /api/watchlists 404 2.206 ms
GET /api/coins/markets 304 1.959 ms
POST /api/auth/login 200 66.581 ms
GET /api/watchlists 404 2.548 ms
POST /api/watchlists 201 20.656 ms
GET /api/watchlists 200 3.516 ms
DELETE /api/watchlists/67810fabf61ef2d849278633 200 2.536 ms
GET /api/watchlists 404 2.422 ms
GET /api/coins/markets 200 10.291 ms
GET /api/watchlists 404 95.624 ms
GET /api/coins/markets 304 2.976 ms
POST /api/auth/login 200 68.698 ms
GET /api/watchlists 404 3.338 ms
GET /api/watchlists 404 17.216 ms
GET /api/watchlists 404 3.076 ms
GET /api/watchlists 404 8.340 ms
GET /api/watchlists 404 3.352 ms
POST /api/watchlists 201 23.262 ms
POST /api/watchlists 201 4.857 ms
DELETE /api/watchlists/67811ccb3c34b4b73d989b8a 200 5.665 ms
GET /api/watchlists 200 8.586 ms
POST /api/watchlists 201 5.268 ms
POST /api/watchlists 201 3.830 ms
POST /api/watchlists 201 4.165 ms
DELETE /api/watchlists/678123873c34b4b73d989df2 200 4.761 ms
DELETE /api/watchlists/678123603c34b4b73d989dee 200 2.575 ms
GET /api/coins/markets 200 3.788 ms
GET /api/coins/markets/monero 200 3.504 ms
POST /api/auth/login 200 73.367 ms
GET /api/watchlists 200 2.668 ms
POST /api/watchlists 201 3.641 ms
GET /api/watchlists 200 59.849 ms
POST /api/watchlists 201 4.645 ms
DELETE /api/watchlists/678127193c34b4b73d989f2f 200 5.174 ms
GET /api/watchlists 200 2.839 ms
POST /api/watchlists 201 4.510 ms
DELETE /api/watchlists/678127e63c34b4b73d989f9b 200 2.456 ms
GET /api/coins/markets 200 2.293 ms
POST /api/auth/login 200 68.646 ms
GET /api/watchlists 404 2.155 ms
POST /api/watchlists 201 3.828 ms
POST /api/watchlists 201 4.151 ms
POST /api/watchlists 201 3.307 ms
GET /api/watchlists 200 11.889 ms
GET /api/watchlists 401 85.966 ms
GET /api/coins/markets 200 3.922 ms
GET /api/coins/markets 304 62.598 ms
GET /api/coins/markets/monero 200 2.341 ms
POST /api/auth/login 200 79.840 ms
GET /api/watchlists 200 24.413 ms
POST /api/watchlists 201 18.854 ms
DELETE /api/watchlists/678226c53ca52618832e778a 200 5.171 ms
GET /api/watchlists 200 4.317 ms
POST /api/watchlists 201 5.765 ms
DELETE /api/watchlists/678227053ca52618832e7792 200 5.207 ms
GET /api/coins/markets 200 6.758 ms
POST /api/auth/login 200 66.965 ms
GET /api/watchlists 200 3.300 ms
POST /api/watchlists 500 6.557 ms
GET /api/watchlists 304 2.411 ms
GET /api/watchlists 304 2.443 ms
POST /api/watchlists 400 1.457 ms
GET /api/watchlists 304 4.239 ms
GET /api/watchlists 304 4.853 ms
GET /api/watchlists 304 3.795 ms
POST /api/watchlists 201 26.028 ms
DELETE /api/watchlists/67822e463ca52618832e79ff 200 4.524 ms
GET /api/coins/markets 200 7.440 ms
POST /api/auth/login 200 69.107 ms
GET /api/watchlists 200 3.543 ms
POST /api/watchlists 201 4.413 ms
DELETE /api/watchlists/67822e843ca52618832e7a6c 200 2.928 ms
