GET /api/coins/markets 200 5.338 ms
POST /api/auth/login 200 67.974 ms
GET /api/coins/markets 200 2.929 ms
GET /api/coins/markets 200 1.736 ms
GET /api/coins/markets 200 33.507 ms
GET /api/coins/markets 304 1.928 ms
GET /api/watchlists 304 9.390 ms
GET /api 304 4.296 ms
GET /api/coins/markets 200 4.941 ms
GET /api/coins/markets 200 2.348 ms
GET /api/coins/markets 200 3.756 ms
GET /api/coins/markets/bitcoin 200 1.930 ms
GET /api/coins/markets 200 2.908 ms
GET /api/coins/markets/query?ids=monero 200 1.449 ms
GET /api/coins/markets/query?ids=moner 404 1.225 ms
GET /api/coins/markets/query?ids=bitc 404 1.036 ms
GET /api/coins/markets/bitcoi 404 2.023 ms
GET /api/coins/markets 200 1.655 ms
GET /api/coins/markets/query?ids=monero 200 1.158 ms
GET /api/coins/markets/query?ids=moner 404 1.168 ms
GET /api/coins/markets/moner 404 1.321 ms
GET /api/coins/markets/monero 200 1.166 ms
GET /api/coins/markets 200 1.471 ms
GET /api/coins/markets/query?ids=bitcoin 200 1.035 ms
GET /api/coins/markets/query?ids=invalid-coin 404 1.053 ms
GET /api/coins/markets/bitcoin 200 1.245 ms
GET /api/coins/markets/invalid-coin 404 1.044 ms
GET /api/coins/markets 200 1.893 ms
POST /api/auth/login 401 71.741 ms
POST /api/auth/login 401 1.925 ms
POST /api/auth/login 200 65.766 ms
POST /api/auth/login 401 72.363 ms
POST /api/auth/login 401 64.215 ms
POST /api/auth/login 200 64.113 ms
GET /api/coins/markets 200 18.707 ms
POST /api/auth/login 400 1.290 ms
POST /api/auth/login 400 0.437 ms
POST /api/auth/login 400 0.291 ms
POST /api/auth/login 400 0.350 ms
POST /api/auth/login 400 0.289 ms
POST /api/auth/login 400 0.349 ms
POST /api/auth/login 200 83.811 ms
POST /api/auth/login 200 62.783 ms
POST /api/auth/signup 201 89.502 ms
POST /api/auth/signup 201 65.241 ms
POST /api/auth/signup 400 0.329 ms
POST /api/auth/signup 400 0.259 ms
POST /api/auth/signup 400 0.593 ms
POST /api/auth/signup 400 0.266 ms
POST /api/auth/signup 400 0.268 ms
POST /api/auth/signup 400 0.245 ms
GET /api/coins/markets 200 2.006 ms
POST /api/auth/signup 409 74.621 ms
POST /api/auth/signup 409 66.008 ms
POST /api/auth/signup 201 66.584 ms
POST /api/auth/signup 409 67.499 ms
POST /api/auth/login 200 75.350 ms
GET /api/coins/markets 200 2.070 ms
GET /api 200 2.314 ms
GET /api/watchlists 304 45.909 ms
GET /api 304 1.055 ms
GET /api/coins/markets 304 22.371 ms
GET /api/watchlists 304 24.125 ms
GET /api/coins/markets 304 1.887 ms
GET /api 304 0.450 ms
GET /api/watchlists 304 13.377 ms
GET /api 304 0.530 ms
GET /api/coins/markets 304 4.667 ms
GET /api/watchlists 304 6.467 ms
GET /api 304 0.310 ms
GET /api/watchlists 304 120.723 ms
GET /api/coins/markets 304 5.485 ms
GET /api/watchlists 401 8.177 ms
GET /api 304 0.591 ms
GET /api/coins/markets 200 57.289 ms
GET /api/coins/markets 304 21.350 ms
GET /api/watchlists 401 0.583 ms
GET /api/coins/markets 304 1.594 ms
GET /api 304 0.840 ms
GET /api/coins/markets 304 6.144 ms
GET /api/watchlists 401 0.457 ms
POST /api/auth/login 200 70.887 ms
GET /api/watchlists 200 7.123 ms
GET /api/watchlists 401 0.285 ms
GET /api/coins/markets 200 126.631 ms
GET /api/coins/markets 304 8.939 ms
GET /api/watchlists/678128523c34b4b73d989fa4 200 37.084 ms
GET /api/watchlists/678128523c34b4b73d989fa4 200 29.749 ms
POST /api/watchlists/678128523c34b4b73d989fa4 404 1.367 ms
POST /api/watchlists/ 201 12.260 ms
POST /api/watchlists/ 409 12.627 ms
GET /api/watchlists 200 3.948 ms
PATCH /api/watchlists/678f7b8f51f2af7f0affc8d9 200 19.751 ms
PATCH /api/watchlists/678f7b8f51f2af7f0affc8d9 401 1.335 ms
POST /api/auth/login 200 65.929 ms
PATCH /api/watchlists/678f7b8f51f2af7f0affc8d9 401 0.522 ms
POST /api/auth/login 200 80.231 ms
PATCH /api/watchlists/678f7b8f51f2af7f0affc8d9 409 3.150 ms
PUT /api/watchlists/678f7b8f51f2af7f0affc8d9 404 0.369 ms
PUT /api/watchlists/ 405 0.274 ms
DELETE /api/watchlists/678128523c34b4b73d989fa4 200 14.835 ms
GET /api/coins/markets 200 15.725 ms
GET /api/coins/markets 304 1.756 ms
POST /api/auth/login 200 67.135 ms
GET /api 304 0.670 ms
GET /api/coins/markets 304 12.221 ms
GET /api/watchlists 200 15.712 ms
POST /api/watchlists 201 6.154 ms
DELETE /api/watchlists/678f7b8f51f2af7f0affc8d9 200 2.902 ms
POST /api/watchlists 409 2.796 ms
PATCH /api/watchlists/678f842151f2af7f0affcc0f 409 3.849 ms
GET /api/coins/markets 304 2.119 ms
GET /api 304 0.574 ms
GET /api/watchlists 200 9.293 ms
PATCH /api/watchlists/678f842151f2af7f0affcc0f 409 3.151 ms
GET /api/coins/markets 200 10.559 ms
GET /api/coins/markets 304 4.577 ms
GET /api 304 0.559 ms
GET /api/watchlists 304 7.618 ms
GET /api/watchlists 401 1.775 ms
POST /api/auth/login 200 61.292 ms
GET /api/watchlists 200 2.422 ms
POST /api/watchlists/678f842151f2af7f0affcc0f/add-coins 200 8.155 ms
PATCH /api/watchlists/678f842151f2af7f0affcc0fremove-coins 400 1.218 ms
PATCH /api/watchlists/678f842151f2af7f0affcc0f/remove-coins 200 8.892 ms
POST /api/watchlists/invalid-watchlist-idf/add-coins 400 1.272 ms
POST /api/watchlists/678f842151f2af7f0affcc0f/add-coins 200 3.713 ms
POST /api/watchlists/678f842151f2af7f0affcc0f/add-coins 404 2.979 ms
GET /api/watchlists 401 1.893 ms
GET /api/coins/markets 200 25.588 ms
GET /api 304 0.467 ms
GET /api/coins/markets 304 24.830 ms
GET /api/coins/markets 304 1.650 ms
